15:49:42 **** Incremental Build of configuration Debug for project 03.DHT11_ULTRASONIC ****
make -j16 all 
arm-none-eabi-gcc "../Core/Src/button.c" -mcpu=cortex-m4 -std=gnu11 -g3 -DDEBUG -DUSE_HAL_DRIVER -DSTM32F411xE -c -I../Core/Inc -I../Drivers/STM32F4xx_HAL_Driver/Inc -I../Drivers/STM32F4xx_HAL_Driver/Inc/Legacy -I../Drivers/CMSIS/Device/ST/STM32F4xx/Include -I../Drivers/CMSIS/Include -O0 -ffunction-sections -fdata-sections -Wall -fstack-usage -fcyclomatic-complexity -MMD -MP -MF"Core/Src/button.d" -MT"Core/Src/button.o" --specs=nano.specs -mfpu=fpv4-sp-d16 -mfloat-abi=hard -mthumb -o "Core/Src/button.o"
arm-none-eabi-gcc -o "03.DHT11_ULTRASONIC.elf" @"objects.list"   -mcpu=cortex-m4 -T"D:\project\STM32F411RETx\03.DHT11_ULTRASONIC\STM32F411RETX_FLASH.ld" --specs=nosys.specs -Wl,-Map="03.DHT11_ULTRASONIC.map" -Wl,--gc-sections -static --specs=nano.specs -mfpu=fpv4-sp-d16 -mfloat-abi=hard -mthumb -Wl,--start-group -lc -lm -Wl,--end-group
Finished building target: 03.DHT11_ULTRASONIC.elf
 
arm-none-eabi-size  03.DHT11_ULTRASONIC.elf 
arm-none-eabi-objdump -h -S 03.DHT11_ULTRASONIC.elf  > "03.DHT11_ULTRASONIC.list"
   text	   data	    bss	    dec	    hex	filename
  17960	    140	   2964	  21064	   5248	03.DHT11_ULTRASONIC.elf
Finished building: default.size.stdout
 
Finished building: 03.DHT11_ULTRASONIC.list
 

15:49:43 Build Finished. 0 errors, 0 warnings. (took 652ms)

