10:50:30 **** Build of configuration Debug for project 01.LED_BUTTON_CONTROL1 ****
make -j16 all 
arm-none-eabi-gcc "../Drivers/STM32F4xx_HAL_Driver/Src/stm32f4xx_hal.c" -mcpu=cortex-m4 -std=gnu11 -g3 -DDEBUG -DUSE_HAL_DRIVER -DSTM32F411xE -c -I../Core/Inc -I../Drivers/STM32F4xx_HAL_Driver/Inc -I../Drivers/STM32F4xx_HAL_Driver/Inc/Legacy -I../Drivers/CMSIS/Device/ST/STM32F4xx/Include -I../Drivers/CMSIS/Include -O0 -ffunction-sections -fdata-sections -Wall -fstack-usage -fcyclomatic-complexity -MMD -MP -MF"Drivers/STM32F4xx_HAL_Driver/Src/stm32f4xx_hal.d" -MT"Drivers/STM32F4xx_HAL_Driver/Src/stm32f4xx_hal.o" --specs=nano.specs -mfpu=fpv4-sp-d16 -mfloat-abi=hard -mthumb -o "Drivers/STM32F4xx_HAL_Driver/Src/stm32f4xx_hal.o"
arm-none-eabi-gcc "../Drivers/STM32F4xx_HAL_Driver/Src/stm32f4xx_hal_cortex.c" -mcpu=cortex-m4 -std=gnu11 -g3 -DDEBUG -DUSE_HAL_DRIVER -DSTM32F411xE -c -I../Core/Inc -I../Drivers/STM32F4xx_HAL_Driver/Inc -I../Drivers/STM32F4xx_HAL_Driver/Inc/Legacy -I../Drivers/CMSIS/Device/ST/STM32F4xx/Include -I../Drivers/CMSIS/Include -O0 -ffunction-sections -fdata-sections -Wall -fstack-usage -fcyclomatic-complexity -MMD -MP -MF"Drivers/STM32F4xx_HAL_Driver/Src/stm32f4xx_hal_cortex.d" -MT"Drivers/STM32F4xx_HAL_Driver/Src/stm32f4xx_hal_cortex.o" --specs=nano.specs -mfpu=fpv4-sp-d16 -mfloat-abi=hard -mthumb -o "Drivers/STM32F4xx_HAL_Driver/Src/stm32f4xx_hal_cortex.o"
arm-none-eabi-gcc "../Drivers/STM32F4xx_HAL_Driver/Src/stm32f4xx_hal_dma.c" -mcpu=cortex-m4 -std=gnu11 -g3 -DDEBUG -DUSE_HAL_DRIVER -DSTM32F411xE -c -I../Core/Inc -I../Drivers/STM32F4xx_HAL_Driver/Inc -I../Drivers/STM32F4xx_HAL_Driver/Inc/Legacy -I../Drivers/CMSIS/Device/ST/STM32F4xx/Include -I../Drivers/CMSIS/Include -O0 -ffunction-sections -fdata-sections -Wall -fstack-usage -fcyclomatic-complexity -MMD -MP -MF"Drivers/STM32F4xx_HAL_Driver/Src/stm32f4xx_hal_dma.d" -MT"Drivers/STM32F4xx_HAL_Driver/Src/stm32f4xx_hal_dma.o" --specs=nano.specs -mfpu=fpv4-sp-d16 -mfloat-abi=hard -mthumb -o "Drivers/STM32F4xx_HAL_Driver/Src/stm32f4xx_hal_dma.o"
arm-none-eabi-gcc "../Drivers/STM32F4xx_HAL_Driver/Src/stm32f4xx_hal_dma_ex.c" -mcpu=cortex-m4 -std=gnu11 -g3 -DDEBUG -DUSE_HAL_DRIVER -DSTM32F411xE -c -I../Core/Inc -I../Drivers/STM32F4xx_HAL_Driver/Inc -I../Drivers/STM32F4xx_HAL_Driver/Inc/Legacy -I../Drivers/CMSIS/Device/ST/STM32F4xx/Include -I../Drivers/CMSIS/Include -O0 -ffunction-sections -fdata-sections -Wall -fstack-usage -fcyclomatic-complexity -MMD -MP -MF"Drivers/STM32F4xx_HAL_Driver/Src/stm32f4xx_hal_dma_ex.d" -MT"Drivers/STM32F4xx_HAL_Driver/Src/stm32f4xx_hal_dma_ex.o" --specs=nano.specs -mfpu=fpv4-sp-d16 -mfloat-abi=hard -mthumb -o "Drivers/STM32F4xx_HAL_Driver/Src/stm32f4xx_hal_dma_ex.o"
arm-none-eabi-gcc "../Drivers/STM32F4xx_HAL_Driver/Src/stm32f4xx_hal_exti.c" -mcpu=cortex-m4 -std=gnu11 -g3 -DDEBUG -DUSE_HAL_DRIVER -DSTM32F411xE -c -I../Core/Inc -I../Drivers/STM32F4xx_HAL_Driver/Inc -I../Drivers/STM32F4xx_HAL_Driver/Inc/Legacy -I../Drivers/CMSIS/Device/ST/STM32F4xx/Include -I../Drivers/CMSIS/Include -O0 -ffunction-sections -fdata-sections -Wall -fstack-usage -fcyclomatic-complexity -MMD -MP -MF"Drivers/STM32F4xx_HAL_Driver/Src/stm32f4xx_hal_exti.d" -MT"Drivers/STM32F4xx_HAL_Driver/Src/stm32f4xx_hal_exti.o" --specs=nano.specs -mfpu=fpv4-sp-d16 -mfloat-abi=hard -mthumb -o "Drivers/STM32F4xx_HAL_Driver/Src/stm32f4xx_hal_exti.o"
arm-none-eabi-gcc "../Drivers/STM32F4xx_HAL_Driver/Src/stm32f4xx_hal_flash.c" -mcpu=cortex-m4 -std=gnu11 -g3 -DDEBUG -DUSE_HAL_DRIVER -DSTM32F411xE -c -I../Core/Inc -I../Drivers/STM32F4xx_HAL_Driver/Inc -I../Drivers/STM32F4xx_HAL_Driver/Inc/Legacy -I../Drivers/CMSIS/Device/ST/STM32F4xx/Include -I../Drivers/CMSIS/Include -O0 -ffunction-sections -fdata-sections -Wall -fstack-usage -fcyclomatic-complexity -MMD -MP -MF"Drivers/STM32F4xx_HAL_Driver/Src/stm32f4xx_hal_flash.d" -MT"Drivers/STM32F4xx_HAL_Driver/Src/stm32f4xx_hal_flash.o" --specs=nano.specs -mfpu=fpv4-sp-d16 -mfloat-abi=hard -mthumb -o "Drivers/STM32F4xx_HAL_Driver/Src/stm32f4xx_hal_flash.o"
arm-none-eabi-gcc "../Drivers/STM32F4xx_HAL_Driver/Src/stm32f4xx_hal_flash_ex.c" -mcpu=cortex-m4 -std=gnu11 -g3 -DDEBUG -DUSE_HAL_DRIVER -DSTM32F411xE -c -I../Core/Inc -I../Drivers/STM32F4xx_HAL_Driver/Inc -I../Drivers/STM32F4xx_HAL_Driver/Inc/Legacy -I../Drivers/CMSIS/Device/ST/STM32F4xx/Include -I../Drivers/CMSIS/Include -O0 -ffunction-sections -fdata-sections -Wall -fstack-usage -fcyclomatic-complexity -MMD -MP -MF"Drivers/STM32F4xx_HAL_Driver/Src/stm32f4xx_hal_flash_ex.d" -MT"Drivers/STM32F4xx_HAL_Driver/Src/stm32f4xx_hal_flash_ex.o" --specs=nano.specs -mfpu=fpv4-sp-d16 -mfloat-abi=hard -mthumb -o "Drivers/STM32F4xx_HAL_Driver/Src/stm32f4xx_hal_flash_ex.o"
arm-none-eabi-gcc "../Drivers/STM32F4xx_HAL_Driver/Src/stm32f4xx_hal_flash_ramfunc.c" -mcpu=cortex-m4 -std=gnu11 -g3 -DDEBUG -DUSE_HAL_DRIVER -DSTM32F411xE -c -I../Core/Inc -I../Drivers/STM32F4xx_HAL_Driver/Inc -I../Drivers/STM32F4xx_HAL_Driver/Inc/Legacy -I../Drivers/CMSIS/Device/ST/STM32F4xx/Include -I../Drivers/CMSIS/Include -O0 -ffunction-sections -fdata-sections -Wall -fstack-usage -fcyclomatic-complexity -MMD -MP -MF"Drivers/STM32F4xx_HAL_Driver/Src/stm32f4xx_hal_flash_ramfunc.d" -MT"Drivers/STM32F4xx_HAL_Driver/Src/stm32f4xx_hal_flash_ramfunc.o" --specs=nano.specs -mfpu=fpv4-sp-d16 -mfloat-abi=hard -mthumb -o "Drivers/STM32F4xx_HAL_Driver/Src/stm32f4xx_hal_flash_ramfunc.o"
arm-none-eabi-gcc "../Drivers/STM32F4xx_HAL_Driver/Src/stm32f4xx_hal_gpio.c" -mcpu=cortex-m4 -std=gnu11 -g3 -DDEBUG -DUSE_HAL_DRIVER -DSTM32F411xE -c -I../Core/Inc -I../Drivers/STM32F4xx_HAL_Driver/Inc -I../Drivers/STM32F4xx_HAL_Driver/Inc/Legacy -I../Drivers/CMSIS/Device/ST/STM32F4xx/Include -I../Drivers/CMSIS/Include -O0 -ffunction-sections -fdata-sections -Wall -fstack-usage -fcyclomatic-complexity -MMD -MP -MF"Drivers/STM32F4xx_HAL_Driver/Src/stm32f4xx_hal_gpio.d" -MT"Drivers/STM32F4xx_HAL_Driver/Src/stm32f4xx_hal_gpio.o" --specs=nano.specs -mfpu=fpv4-sp-d16 -mfloat-abi=hard -mthumb -o "Drivers/STM32F4xx_HAL_Driver/Src/stm32f4xx_hal_gpio.o"
arm-none-eabi-gcc "../Drivers/STM32F4xx_HAL_Driver/Src/stm32f4xx_hal_pwr.c" -mcpu=cortex-m4 -std=gnu11 -g3 -DDEBUG -DUSE_HAL_DRIVER -DSTM32F411xE -c -I../Core/Inc -I../Drivers/STM32F4xx_HAL_Driver/Inc -I../Drivers/STM32F4xx_HAL_Driver/Inc/Legacy -I../Drivers/CMSIS/Device/ST/STM32F4xx/Include -I../Drivers/CMSIS/Include -O0 -ffunction-sections -fdata-sections -Wall -fstack-usage -fcyclomatic-complexity -MMD -MP -MF"Drivers/STM32F4xx_HAL_Driver/Src/stm32f4xx_hal_pwr.d" -MT"Drivers/STM32F4xx_HAL_Driver/Src/stm32f4xx_hal_pwr.o" --specs=nano.specs -mfpu=fpv4-sp-d16 -mfloat-abi=hard -mthumb -o "Drivers/STM32F4xx_HAL_Driver/Src/stm32f4xx_hal_pwr.o"
arm-none-eabi-gcc "../Drivers/STM32F4xx_HAL_Driver/Src/stm32f4xx_hal_pwr_ex.c" -mcpu=cortex-m4 -std=gnu11 -g3 -DDEBUG -DUSE_HAL_DRIVER -DSTM32F411xE -c -I../Core/Inc -I../Drivers/STM32F4xx_HAL_Driver/Inc -I../Drivers/STM32F4xx_HAL_Driver/Inc/Legacy -I../Drivers/CMSIS/Device/ST/STM32F4xx/Include -I../Drivers/CMSIS/Include -O0 -ffunction-sections -fdata-sections -Wall -fstack-usage -fcyclomatic-complexity -MMD -MP -MF"Drivers/STM32F4xx_HAL_Driver/Src/stm32f4xx_hal_pwr_ex.d" -MT"Drivers/STM32F4xx_HAL_Driver/Src/stm32f4xx_hal_pwr_ex.o" --specs=nano.specs -mfpu=fpv4-sp-d16 -mfloat-abi=hard -mthumb -o "Drivers/STM32F4xx_HAL_Driver/Src/stm32f4xx_hal_pwr_ex.o"
arm-none-eabi-gcc "../Drivers/STM32F4xx_HAL_Driver/Src/stm32f4xx_hal_rcc.c" -mcpu=cortex-m4 -std=gnu11 -g3 -DDEBUG -DUSE_HAL_DRIVER -DSTM32F411xE -c -I../Core/Inc -I../Drivers/STM32F4xx_HAL_Driver/Inc -I../Drivers/STM32F4xx_HAL_Driver/Inc/Legacy -I../Drivers/CMSIS/Device/ST/STM32F4xx/Include -I../Drivers/CMSIS/Include -O0 -ffunction-sections -fdata-sections -Wall -fstack-usage -fcyclomatic-complexity -MMD -MP -MF"Drivers/STM32F4xx_HAL_Driver/Src/stm32f4xx_hal_rcc.d" -MT"Drivers/STM32F4xx_HAL_Driver/Src/stm32f4xx_hal_rcc.o" --specs=nano.specs -mfpu=fpv4-sp-d16 -mfloat-abi=hard -mthumb -o "Drivers/STM32F4xx_HAL_Driver/Src/stm32f4xx_hal_rcc.o"
arm-none-eabi-gcc "../Drivers/STM32F4xx_HAL_Driver/Src/stm32f4xx_hal_rcc_ex.c" -mcpu=cortex-m4 -std=gnu11 -g3 -DDEBUG -DUSE_HAL_DRIVER -DSTM32F411xE -c -I../Core/Inc -I../Drivers/STM32F4xx_HAL_Driver/Inc -I../Drivers/STM32F4xx_HAL_Driver/Inc/Legacy -I../Drivers/CMSIS/Device/ST/STM32F4xx/Include -I../Drivers/CMSIS/Include -O0 -ffunction-sections -fdata-sections -Wall -fstack-usage -fcyclomatic-complexity -MMD -MP -MF"Drivers/STM32F4xx_HAL_Driver/Src/stm32f4xx_hal_rcc_ex.d" -MT"Drivers/STM32F4xx_HAL_Driver/Src/stm32f4xx_hal_rcc_ex.o" --specs=nano.specs -mfpu=fpv4-sp-d16 -mfloat-abi=hard -mthumb -o "Drivers/STM32F4xx_HAL_Driver/Src/stm32f4xx_hal_rcc_ex.o"
arm-none-eabi-gcc "../Drivers/STM32F4xx_HAL_Driver/Src/stm32f4xx_hal_tim.c" -mcpu=cortex-m4 -std=gnu11 -g3 -DDEBUG -DUSE_HAL_DRIVER -DSTM32F411xE -c -I../Core/Inc -I../Drivers/STM32F4xx_HAL_Driver/Inc -I../Drivers/STM32F4xx_HAL_Driver/Inc/Legacy -I../Drivers/CMSIS/Device/ST/STM32F4xx/Include -I../Drivers/CMSIS/Include -O0 -ffunction-sections -fdata-sections -Wall -fstack-usage -fcyclomatic-complexity -MMD -MP -MF"Drivers/STM32F4xx_HAL_Driver/Src/stm32f4xx_hal_tim.d" -MT"Drivers/STM32F4xx_HAL_Driver/Src/stm32f4xx_hal_tim.o" --specs=nano.specs -mfpu=fpv4-sp-d16 -mfloat-abi=hard -mthumb -o "Drivers/STM32F4xx_HAL_Driver/Src/stm32f4xx_hal_tim.o"
arm-none-eabi-gcc "../Drivers/STM32F4xx_HAL_Driver/Src/stm32f4xx_hal_tim_ex.c" -mcpu=cortex-m4 -std=gnu11 -g3 -DDEBUG -DUSE_HAL_DRIVER -DSTM32F411xE -c -I../Core/Inc -I../Drivers/STM32F4xx_HAL_Driver/Inc -I../Drivers/STM32F4xx_HAL_Driver/Inc/Legacy -I../Drivers/CMSIS/Device/ST/STM32F4xx/Include -I../Drivers/CMSIS/Include -O0 -ffunction-sections -fdata-sections -Wall -fstack-usage -fcyclomatic-complexity -MMD -MP -MF"Drivers/STM32F4xx_HAL_Driver/Src/stm32f4xx_hal_tim_ex.d" -MT"Drivers/STM32F4xx_HAL_Driver/Src/stm32f4xx_hal_tim_ex.o" --specs=nano.specs -mfpu=fpv4-sp-d16 -mfloat-abi=hard -mthumb -o "Drivers/STM32F4xx_HAL_Driver/Src/stm32f4xx_hal_tim_ex.o"
arm-none-eabi-gcc "../Drivers/STM32F4xx_HAL_Driver/Src/stm32f4xx_hal_uart.c" -mcpu=cortex-m4 -std=gnu11 -g3 -DDEBUG -DUSE_HAL_DRIVER -DSTM32F411xE -c -I../Core/Inc -I../Drivers/STM32F4xx_HAL_Driver/Inc -I../Drivers/STM32F4xx_HAL_Driver/Inc/Legacy -I../Drivers/CMSIS/Device/ST/STM32F4xx/Include -I../Drivers/CMSIS/Include -O0 -ffunction-sections -fdata-sections -Wall -fstack-usage -fcyclomatic-complexity -MMD -MP -MF"Drivers/STM32F4xx_HAL_Driver/Src/stm32f4xx_hal_uart.d" -MT"Drivers/STM32F4xx_HAL_Driver/Src/stm32f4xx_hal_uart.o" --specs=nano.specs -mfpu=fpv4-sp-d16 -mfloat-abi=hard -mthumb -o "Drivers/STM32F4xx_HAL_Driver/Src/stm32f4xx_hal_uart.o"
arm-none-eabi-gcc -mcpu=cortex-m4 -g3 -DDEBUG -c -x assembler-with-cpp -MMD -MP -MF"Core/Startup/startup_stm32f411retx.d" -MT"Core/Startup/startup_stm32f411retx.o" --specs=nano.specs -mfpu=fpv4-sp-d16 -mfloat-abi=hard -mthumb -o "Core/Startup/startup_stm32f411retx.o" "../Core/Startup/startup_stm32f411retx.s"
arm-none-eabi-gcc "../Core/Src/main.c" -mcpu=cortex-m4 -std=gnu11 -g3 -DDEBUG -DUSE_HAL_DRIVER -DSTM32F411xE -c -I../Core/Inc -I../Drivers/STM32F4xx_HAL_Driver/Inc -I../Drivers/STM32F4xx_HAL_Driver/Inc/Legacy -I../Drivers/CMSIS/Device/ST/STM32F4xx/Include -I../Drivers/CMSIS/Include -O0 -ffunction-sections -fdata-sections -Wall -fstack-usage -fcyclomatic-complexity -MMD -MP -MF"Core/Src/main.d" -MT"Core/Src/main.o" --specs=nano.specs -mfpu=fpv4-sp-d16 -mfloat-abi=hard -mthumb -o "Core/Src/main.o"
arm-none-eabi-gcc "../Core/Src/stm32f4xx_hal_msp.c" -mcpu=cortex-m4 -std=gnu11 -g3 -DDEBUG -DUSE_HAL_DRIVER -DSTM32F411xE -c -I../Core/Inc -I../Drivers/STM32F4xx_HAL_Driver/Inc -I../Drivers/STM32F4xx_HAL_Driver/Inc/Legacy -I../Drivers/CMSIS/Device/ST/STM32F4xx/Include -I../Drivers/CMSIS/Include -O0 -ffunction-sections -fdata-sections -Wall -fstack-usage -fcyclomatic-complexity -MMD -MP -MF"Core/Src/stm32f4xx_hal_msp.d" -MT"Core/Src/stm32f4xx_hal_msp.o" --specs=nano.specs -mfpu=fpv4-sp-d16 -mfloat-abi=hard -mthumb -o "Core/Src/stm32f4xx_hal_msp.o"
arm-none-eabi-gcc "../Core/Src/stm32f4xx_it.c" -mcpu=cortex-m4 -std=gnu11 -g3 -DDEBUG -DUSE_HAL_DRIVER -DSTM32F411xE -c -I../Core/Inc -I../Drivers/STM32F4xx_HAL_Driver/Inc -I../Drivers/STM32F4xx_HAL_Driver/Inc/Legacy -I../Drivers/CMSIS/Device/ST/STM32F4xx/Include -I../Drivers/CMSIS/Include -O0 -ffunction-sections -fdata-sections -Wall -fstack-usage -fcyclomatic-complexity -MMD -MP -MF"Core/Src/stm32f4xx_it.d" -MT"Core/Src/stm32f4xx_it.o" --specs=nano.specs -mfpu=fpv4-sp-d16 -mfloat-abi=hard -mthumb -o "Core/Src/stm32f4xx_it.o"
arm-none-eabi-gcc "../Core/Src/syscalls.c" -mcpu=cortex-m4 -std=gnu11 -g3 -DDEBUG -DUSE_HAL_DRIVER -DSTM32F411xE -c -I../Core/Inc -I../Drivers/STM32F4xx_HAL_Driver/Inc -I../Drivers/STM32F4xx_HAL_Driver/Inc/Legacy -I../Drivers/CMSIS/Device/ST/STM32F4xx/Include -I../Drivers/CMSIS/Include -O0 -ffunction-sections -fdata-sections -Wall -fstack-usage -fcyclomatic-complexity -MMD -MP -MF"Core/Src/syscalls.d" -MT"Core/Src/syscalls.o" --specs=nano.specs -mfpu=fpv4-sp-d16 -mfloat-abi=hard -mthumb -o "Core/Src/syscalls.o"
arm-none-eabi-gcc "../Core/Src/sysmem.c" -mcpu=cortex-m4 -std=gnu11 -g3 -DDEBUG -DUSE_HAL_DRIVER -DSTM32F411xE -c -I../Core/Inc -I../Drivers/STM32F4xx_HAL_Driver/Inc -I../Drivers/STM32F4xx_HAL_Driver/Inc/Legacy -I../Drivers/CMSIS/Device/ST/STM32F4xx/Include -I../Drivers/CMSIS/Include -O0 -ffunction-sections -fdata-sections -Wall -fstack-usage -fcyclomatic-complexity -MMD -MP -MF"Core/Src/sysmem.d" -MT"Core/Src/sysmem.o" --specs=nano.specs -mfpu=fpv4-sp-d16 -mfloat-abi=hard -mthumb -o "Core/Src/sysmem.o"
arm-none-eabi-gcc "../Core/Src/system_stm32f4xx.c" -mcpu=cortex-m4 -std=gnu11 -g3 -DDEBUG -DUSE_HAL_DRIVER -DSTM32F411xE -c -I../Core/Inc -I../Drivers/STM32F4xx_HAL_Driver/Inc -I../Drivers/STM32F4xx_HAL_Driver/Inc/Legacy -I../Drivers/CMSIS/Device/ST/STM32F4xx/Include -I../Drivers/CMSIS/Include -O0 -ffunction-sections -fdata-sections -Wall -fstack-usage -fcyclomatic-complexity -MMD -MP -MF"Core/Src/system_stm32f4xx.d" -MT"Core/Src/system_stm32f4xx.o" --specs=nano.specs -mfpu=fpv4-sp-d16 -mfloat-abi=hard -mthumb -o "Core/Src/system_stm32f4xx.o"
../Core/Src/main.c: In function 'main':
../Core/Src/main.c:76:38: error: 'GPIO_PIN_2_GPIO_PIN_3' undeclared (first use in this function)
   76 |   HAL_Init(GPIO_PIN_1 | GPIO_PIN_1 | GPIO_PIN_2_GPIO_PIN_3
      |                                      ^~~~~~~~~~~~~~~~~~~~~
../Core/Src/main.c:76:38: note: each undeclared identifier is reported only once for each function it appears in
../Core/Src/main.c:77:38: error: stray '\' in program
   77 |                         | GPIO_PIN_4 \ GPIO_PIN_5,);
      |                                      ^
In file included from ../Core/Inc/stm32f4xx_hal_conf.h:279,
                 from ../Drivers/STM32F4xx_HAL_Driver/Inc/stm32f4xx_hal.h:29,
                 from ../Core/Inc/main.h:30,
                 from ../Core/Src/main.c:20:
../Drivers/STM32F4xx_HAL_Driver/Inc/stm32f4xx_hal_gpio.h:89:36: error: called object is not a function or function pointer
   89 | #define GPIO_PIN_4                 ((uint16_t)0x0010)  /* Pin 4 selected    */
      |                                    ^
../Core/Src/main.c:77:27: note: in expansion of macro 'GPIO_PIN_4'
   77 |                         | GPIO_PIN_4 \ GPIO_PIN_5,);
      |                           ^~~~~~~~~~
../Core/Src/main.c:77:51: error: expected expression before ')' token
   77 |                         | GPIO_PIN_4 \ GPIO_PIN_5,);
      |                                                   ^
../Core/Src/main.c:76:3: error: too many arguments to function 'HAL_Init'
   76 |   HAL_Init(GPIO_PIN_1 | GPIO_PIN_1 | GPIO_PIN_2_GPIO_PIN_3
      |   ^~~~~~~~
../Drivers/STM32F4xx_HAL_Driver/Inc/stm32f4xx_hal.h:219:19: note: declared here
  219 | HAL_StatusTypeDef HAL_Init(void);
      |                   ^~~~~~~~
../Core/Src/main.c:101:11: error: too few arguments to function 'HAL_GPIO_WritePin'
  101 |           HAL_GPIO_WritePin()
      |           ^~~~~~~~~~~~~~~~~
../Drivers/STM32F4xx_HAL_Driver/Inc/stm32f4xx_hal_gpio.h:235:6: note: declared here
  235 | void HAL_GPIO_WritePin(GPIO_TypeDef* GPIOx, uint16_t GPIO_Pin, GPIO_PinState PinState);
      |      ^~~~~~~~~~~~~~~~~
../Core/Src/main.c:101:30: error: expected ';' before '}' token
  101 |           HAL_GPIO_WritePin()
      |                              ^
      |                              ;
......
  105 |   }
      |   ~                           
make: *** [Core/Src/subdir.mk:34: Core/Src/main.o] Error 1
make: *** Waiting for unfinished jobs....
"make -j16 all" terminated with exit code 2. Build might be incomplete.
10:57:20 **** Incremental Build of configuration Debug for project 01.LED_BUTTON_CONTROL1 ****
make -j16 all 
arm-none-eabi-gcc "../Core/Src/main.c" -mcpu=cortex-m4 -std=gnu11 -g3 -DDEBUG -DUSE_HAL_DRIVER -DSTM32F411xE -c -I../Core/Inc -I../Drivers/STM32F4xx_HAL_Driver/Inc -I../Drivers/STM32F4xx_HAL_Driver/Inc/Legacy -I../Drivers/CMSIS/Device/ST/STM32F4xx/Include -I../Drivers/CMSIS/Include -O0 -ffunction-sections -fdata-sections -Wall -fstack-usage -fcyclomatic-complexity -MMD -MP -MF"Core/Src/main.d" -MT"Core/Src/main.o" --specs=nano.specs -mfpu=fpv4-sp-d16 -mfloat-abi=hard -mthumb -o "Core/Src/main.o"
arm-none-eabi-gcc -o "01.LED_BUTTON_CONTROL1.elf" @"objects.list"   -mcpu=cortex-m4 -T"D:\project\STM32F411RETx\01.LED_BUTTON_CONTROL1\STM32F411RETX_FLASH.ld" --specs=nosys.specs -Wl,-Map="01.LED_BUTTON_CONTROL1.map" -Wl,--gc-sections -static --specs=nano.specs -mfpu=fpv4-sp-d16 -mfloat-abi=hard -mthumb -Wl,--start-group -lc -lm -Wl,--end-group
Finished building target: 01.LED_BUTTON_CONTROL1.elf
 
arm-none-eabi-size  01.LED_BUTTON_CONTROL1.elf 
arm-none-eabi-objdump -h -S 01.LED_BUTTON_CONTROL1.elf  > "01.LED_BUTTON_CONTROL1.list"
   text	   data	    bss	    dec	    hex	filename
   7576	     12	   1644	   9232	   2410	01.LED_BUTTON_CONTROL1.elf
Finished building: default.size.stdout
 
Finished building: 01.LED_BUTTON_CONTROL1.list
 
11:24:39 **** Incremental Build of configuration Debug for project 01.LED_BUTTON_CONTROL1 ****
make -j16 all 
arm-none-eabi-size  01.LED_BUTTON_CONTROL1.elf 
   text	   data	    bss	    dec	    hex	filename
   7576	     12	   1644	   9232	   2410	01.LED_BUTTON_CONTROL1.elf
Finished building: default.size.stdout
 
11:25:14 **** Incremental Build of configuration Debug for project 01.LED_BUTTON_CONTROL1 ****
make -j16 all 
arm-none-eabi-size  01.LED_BUTTON_CONTROL1.elf 
   text	   data	    bss	    dec	    hex	filename
   7576	     12	   1644	   9232	   2410	01.LED_BUTTON_CONTROL1.elf
Finished building: default.size.stdout
 
11:34:48 **** Incremental Build of configuration Debug for project 01.LED_BUTTON_CONTROL1 ****
make -j16 all 
arm-none-eabi-gcc "../Core/Src/main.c" -mcpu=cortex-m4 -std=gnu11 -g3 -DDEBUG -DUSE_HAL_DRIVER -DSTM32F411xE -c -I../Core/Inc -I../Drivers/STM32F4xx_HAL_Driver/Inc -I../Drivers/STM32F4xx_HAL_Driver/Inc/Legacy -I../Drivers/CMSIS/Device/ST/STM32F4xx/Include -I../Drivers/CMSIS/Include -O0 -ffunction-sections -fdata-sections -Wall -fstack-usage -fcyclomatic-complexity -MMD -MP -MF"Core/Src/main.d" -MT"Core/Src/main.o" --specs=nano.specs -mfpu=fpv4-sp-d16 -mfloat-abi=hard -mthumb -o "Core/Src/main.o"
arm-none-eabi-gcc -o "01.LED_BUTTON_CONTROL1.elf" @"objects.list"   -mcpu=cortex-m4 -T"D:\project\STM32F411RETx\01.LED_BUTTON_CONTROL1\STM32F411RETX_FLASH.ld" --specs=nosys.specs -Wl,-Map="01.LED_BUTTON_CONTROL1.map" -Wl,--gc-sections -static --specs=nano.specs -mfpu=fpv4-sp-d16 -mfloat-abi=hard -mthumb -Wl,--start-group -lc -lm -Wl,--end-group
Finished building target: 01.LED_BUTTON_CONTROL1.elf
 
arm-none-eabi-size  01.LED_BUTTON_CONTROL1.elf 
arm-none-eabi-objdump -h -S 01.LED_BUTTON_CONTROL1.elf  > "01.LED_BUTTON_CONTROL1.list"
   text	   data	    bss	    dec	    hex	filename
   7584	     12	   1644	   9240	   2418	01.LED_BUTTON_CONTROL1.elf
Finished building: default.size.stdout
 
Finished building: 01.LED_BUTTON_CONTROL1.list
 
11:51:32 **** Incremental Build of configuration Debug for project 01.LED_BUTTON_CONTROL1 ****
make -j16 all 
arm-none-eabi-gcc "../Core/Src/main.c" -mcpu=cortex-m4 -std=gnu11 -g3 -DDEBUG -DUSE_HAL_DRIVER -DSTM32F411xE -c -I../Core/Inc -I../Drivers/STM32F4xx_HAL_Driver/Inc -I../Drivers/STM32F4xx_HAL_Driver/Inc/Legacy -I../Drivers/CMSIS/Device/ST/STM32F4xx/Include -I../Drivers/CMSIS/Include -O0 -ffunction-sections -fdata-sections -Wall -fstack-usage -fcyclomatic-complexity -MMD -MP -MF"Core/Src/main.d" -MT"Core/Src/main.o" --specs=nano.specs -mfpu=fpv4-sp-d16 -mfloat-abi=hard -mthumb -o "Core/Src/main.o"
../Core/Src/main.c: In function 'main':
../Core/Src/main.c:74:1: warning: implicit declaration of function 'HAL_init'; did you mean 'HAL_Init'? [-Wimplicit-function-declaration]
   74 | HAL_init();
      | ^~~~~~~~
      | HAL_Init
arm-none-eabi-gcc -o "01.LED_BUTTON_CONTROL1.elf" @"objects.list"   -mcpu=cortex-m4 -T"D:\project\STM32F411RETx\01.LED_BUTTON_CONTROL1\STM32F411RETX_FLASH.ld" --specs=nosys.specs -Wl,-Map="01.LED_BUTTON_CONTROL1.map" -Wl,--gc-sections -static --specs=nano.specs -mfpu=fpv4-sp-d16 -mfloat-abi=hard -mthumb -Wl,--start-group -lc -lm -Wl,--end-group
C:/ST/STM32CubeIDE_1.15.0/STM32CubeIDE/plugins/com.st.stm32cube.ide.mcu.externaltools.gnu-tools-for-stm32.12.3.rel1.win32_1.0.100.202403111256/tools/bin/../lib/gcc/arm-none-eabi/12.3.1/../../../../arm-none-eabi/bin/ld.exe: ./Core/Src/main.o: in function `main':
D:/project/STM32F411RETx/01.LED_BUTTON_CONTROL1/Debug/../Core/Src/main.c:74: undefined reference to `HAL_init'
collect2.exe: error: ld returned 1 exit status
make: *** [makefile:64: 01.LED_BUTTON_CONTROL1.elf] Error 1
"make -j16 all" terminated with exit code 2. Build might be incomplete.
12:00:07 **** Incremental Build of configuration Debug for project 01.LED_BUTTON_CONTROL1 ****
make -j16 all 
arm-none-eabi-gcc "../Core/Src/led.c" -mcpu=cortex-m4 -std=gnu11 -g3 -DDEBUG -DUSE_HAL_DRIVER -DSTM32F411xE -c -I../Core/Inc -I../Drivers/STM32F4xx_HAL_Driver/Inc -I../Drivers/STM32F4xx_HAL_Driver/Inc/Legacy -I../Drivers/CMSIS/Device/ST/STM32F4xx/Include -I../Drivers/CMSIS/Include -O0 -ffunction-sections -fdata-sections -Wall -fstack-usage -fcyclomatic-complexity -MMD -MP -MF"Core/Src/led.d" -MT"Core/Src/led.o" --specs=nano.specs -mfpu=fpv4-sp-d16 -mfloat-abi=hard -mthumb -o "Core/Src/led.o"
arm-none-eabi-gcc "../Core/Src/main.c" -mcpu=cortex-m4 -std=gnu11 -g3 -DDEBUG -DUSE_HAL_DRIVER -DSTM32F411xE -c -I../Core/Inc -I../Drivers/STM32F4xx_HAL_Driver/Inc -I../Drivers/STM32F4xx_HAL_Driver/Inc/Legacy -I../Drivers/CMSIS/Device/ST/STM32F4xx/Include -I../Drivers/CMSIS/Include -O0 -ffunction-sections -fdata-sections -Wall -fstack-usage -fcyclomatic-complexity -MMD -MP -MF"Core/Src/main.d" -MT"Core/Src/main.o" --specs=nano.specs -mfpu=fpv4-sp-d16 -mfloat-abi=hard -mthumb -o "Core/Src/main.o"
arm-none-eabi-gcc "../Core/Src/stm32f4xx_hal_msp.c" -mcpu=cortex-m4 -std=gnu11 -g3 -DDEBUG -DUSE_HAL_DRIVER -DSTM32F411xE -c -I../Core/Inc -I../Drivers/STM32F4xx_HAL_Driver/Inc -I../Drivers/STM32F4xx_HAL_Driver/Inc/Legacy -I../Drivers/CMSIS/Device/ST/STM32F4xx/Include -I../Drivers/CMSIS/Include -O0 -ffunction-sections -fdata-sections -Wall -fstack-usage -fcyclomatic-complexity -MMD -MP -MF"Core/Src/stm32f4xx_hal_msp.d" -MT"Core/Src/stm32f4xx_hal_msp.o" --specs=nano.specs -mfpu=fpv4-sp-d16 -mfloat-abi=hard -mthumb -o "Core/Src/stm32f4xx_hal_msp.o"
arm-none-eabi-gcc "../Core/Src/stm32f4xx_it.c" -mcpu=cortex-m4 -std=gnu11 -g3 -DDEBUG -DUSE_HAL_DRIVER -DSTM32F411xE -c -I../Core/Inc -I../Drivers/STM32F4xx_HAL_Driver/Inc -I../Drivers/STM32F4xx_HAL_Driver/Inc/Legacy -I../Drivers/CMSIS/Device/ST/STM32F4xx/Include -I../Drivers/CMSIS/Include -O0 -ffunction-sections -fdata-sections -Wall -fstack-usage -fcyclomatic-complexity -MMD -MP -MF"Core/Src/stm32f4xx_it.d" -MT"Core/Src/stm32f4xx_it.o" --specs=nano.specs -mfpu=fpv4-sp-d16 -mfloat-abi=hard -mthumb -o "Core/Src/stm32f4xx_it.o"
arm-none-eabi-gcc "../Core/Src/syscalls.c" -mcpu=cortex-m4 -std=gnu11 -g3 -DDEBUG -DUSE_HAL_DRIVER -DSTM32F411xE -c -I../Core/Inc -I../Drivers/STM32F4xx_HAL_Driver/Inc -I../Drivers/STM32F4xx_HAL_Driver/Inc/Legacy -I../Drivers/CMSIS/Device/ST/STM32F4xx/Include -I../Drivers/CMSIS/Include -O0 -ffunction-sections -fdata-sections -Wall -fstack-usage -fcyclomatic-complexity -MMD -MP -MF"Core/Src/syscalls.d" -MT"Core/Src/syscalls.o" --specs=nano.specs -mfpu=fpv4-sp-d16 -mfloat-abi=hard -mthumb -o "Core/Src/syscalls.o"
arm-none-eabi-gcc "../Core/Src/sysmem.c" -mcpu=cortex-m4 -std=gnu11 -g3 -DDEBUG -DUSE_HAL_DRIVER -DSTM32F411xE -c -I../Core/Inc -I../Drivers/STM32F4xx_HAL_Driver/Inc -I../Drivers/STM32F4xx_HAL_Driver/Inc/Legacy -I../Drivers/CMSIS/Device/ST/STM32F4xx/Include -I../Drivers/CMSIS/Include -O0 -ffunction-sections -fdata-sections -Wall -fstack-usage -fcyclomatic-complexity -MMD -MP -MF"Core/Src/sysmem.d" -MT"Core/Src/sysmem.o" --specs=nano.specs -mfpu=fpv4-sp-d16 -mfloat-abi=hard -mthumb -o "Core/Src/sysmem.o"
arm-none-eabi-gcc "../Core/Src/system_stm32f4xx.c" -mcpu=cortex-m4 -std=gnu11 -g3 -DDEBUG -DUSE_HAL_DRIVER -DSTM32F411xE -c -I../Core/Inc -I../Drivers/STM32F4xx_HAL_Driver/Inc -I../Drivers/STM32F4xx_HAL_Driver/Inc/Legacy -I../Drivers/CMSIS/Device/ST/STM32F4xx/Include -I../Drivers/CMSIS/Include -O0 -ffunction-sections -fdata-sections -Wall -fstack-usage -fcyclomatic-complexity -MMD -MP -MF"Core/Src/system_stm32f4xx.d" -MT"Core/Src/system_stm32f4xx.o" --specs=nano.specs -mfpu=fpv4-sp-d16 -mfloat-abi=hard -mthumb -o "Core/Src/system_stm32f4xx.o"
../Core/Src/led.c: In function 'led_main':
../Core/Src/led.c:6:9: warning: implicit declaration of function 'whlie' [-Wimplicit-function-declaration]
    6 |         whlie(1)
      |         ^~~~~
../Core/Src/led.c:6:17: error: expected ';' before '{' token
    6 |         whlie(1)
      |                 ^
      |                 ;
    7 |                 {
      |                 ~
../Core/Src/led.c:19:1: error: expected declaration or statement at end of input
   19 | }
      | ^
../Core/Src/main.c: In function 'led_main':
../Core/Src/main.c:67:1: error: expected '=', ',', ';', 'asm' or '__attribute__' before '{' token
   67 | {
      | ^
../Core/Src/main.c:118:1: error: expected '=', ',', ';', 'asm' or '__attribute__' before '{' token
  118 | {
      | ^
../Core/Src/main.c:165:1: error: expected '=', ',', ';', 'asm' or '__attribute__' before '{' token
  165 | {
      | ^
../Core/Src/main.c:198:1: error: expected '=', ',', ';', 'asm' or '__attribute__' before '{' token
  198 | {
      | ^
../Core/Src/main.c:257:1: error: expected '=', ',', ';', 'asm' or '__attribute__' before '{' token
  257 | {
      | ^
../Core/Src/main.c:284: error: expected '{' at end of input
../Core/Src/main.c: At top level:
../Core/Src/main.c:51:13: warning: 'MX_GPIO_Init' declared 'static' but never defined [-Wunused-function]
   51 | static void MX_GPIO_Init(void);
      |             ^~~~~~~~~~~~
../Core/Src/main.c:52:13: warning: 'MX_USART2_UART_Init' declared 'static' but never defined [-Wunused-function]
   52 | static void MX_USART2_UART_Init(void);
      |             ^~~~~~~~~~~~~~~~~~~
make: *** [Core/Src/subdir.mk:37: Core/Src/led.o] Error 1
make: *** Waiting for unfinished jobs....
make: *** [Core/Src/subdir.mk:37: Core/Src/main.o] Error 1
"make -j16 all" terminated with exit code 2. Build might be incomplete.
12:00:29 **** Incremental Build of configuration Debug for project 01.LED_BUTTON_CONTROL1 ****
make -j16 all 
arm-none-eabi-gcc "../Core/Src/led.c" -mcpu=cortex-m4 -std=gnu11 -g3 -DDEBUG -DUSE_HAL_DRIVER -DSTM32F411xE -c -I../Core/Inc -I../Drivers/STM32F4xx_HAL_Driver/Inc -I../Drivers/STM32F4xx_HAL_Driver/Inc/Legacy -I../Drivers/CMSIS/Device/ST/STM32F4xx/Include -I../Drivers/CMSIS/Include -O0 -ffunction-sections -fdata-sections -Wall -fstack-usage -fcyclomatic-complexity -MMD -MP -MF"Core/Src/led.d" -MT"Core/Src/led.o" --specs=nano.specs -mfpu=fpv4-sp-d16 -mfloat-abi=hard -mthumb -o "Core/Src/led.o"
arm-none-eabi-gcc "../Core/Src/main.c" -mcpu=cortex-m4 -std=gnu11 -g3 -DDEBUG -DUSE_HAL_DRIVER -DSTM32F411xE -c -I../Core/Inc -I../Drivers/STM32F4xx_HAL_Driver/Inc -I../Drivers/STM32F4xx_HAL_Driver/Inc/Legacy -I../Drivers/CMSIS/Device/ST/STM32F4xx/Include -I../Drivers/CMSIS/Include -O0 -ffunction-sections -fdata-sections -Wall -fstack-usage -fcyclomatic-complexity -MMD -MP -MF"Core/Src/main.d" -MT"Core/Src/main.o" --specs=nano.specs -mfpu=fpv4-sp-d16 -mfloat-abi=hard -mthumb -o "Core/Src/main.o"
../Core/Src/led.c: In function 'led_main':
../Core/Src/led.c:19:1: error: expected declaration or statement at end of input
   19 | }
      | ^
../Core/Src/main.c: In function 'led_main':
../Core/Src/main.c:67:1: error: expected '=', ',', ';', 'asm' or '__attribute__' before '{' token
   67 | {
      | ^
../Core/Src/main.c:118:1: error: expected '=', ',', ';', 'asm' or '__attribute__' before '{' token
  118 | {
      | ^
../Core/Src/main.c:165:1: error: expected '=', ',', ';', 'asm' or '__attribute__' before '{' token
  165 | {
      | ^
../Core/Src/main.c:198:1: error: expected '=', ',', ';', 'asm' or '__attribute__' before '{' token
  198 | {
      | ^
../Core/Src/main.c:257:1: error: expected '=', ',', ';', 'asm' or '__attribute__' before '{' token
  257 | {
      | ^
../Core/Src/main.c:284: error: expected '{' at end of input
../Core/Src/main.c: At top level:
../Core/Src/main.c:51:13: warning: 'MX_GPIO_Init' declared 'static' but never defined [-Wunused-function]
   51 | static void MX_GPIO_Init(void);
      |             ^~~~~~~~~~~~
../Core/Src/main.c:52:13: warning: 'MX_USART2_UART_Init' declared 'static' but never defined [-Wunused-function]
   52 | static void MX_USART2_UART_Init(void);
      |             ^~~~~~~~~~~~~~~~~~~
make: *** [Core/Src/subdir.mk:37: Core/Src/led.o] Error 1
make: *** Waiting for unfinished jobs....
make: *** [Core/Src/subdir.mk:37: Core/Src/main.o] Error 1
"make -j16 all" terminated with exit code 2. Build might be incomplete.
13:03:32 **** Incremental Build of configuration Debug for project 01.LED_BUTTON_CONTROL1 ****
make -j16 all 
arm-none-eabi-gcc "../Core/Src/led.c" -mcpu=cortex-m4 -std=gnu11 -g3 -DDEBUG -DUSE_HAL_DRIVER -DSTM32F411xE -c -I../Core/Inc -I../Drivers/STM32F4xx_HAL_Driver/Inc -I../Drivers/STM32F4xx_HAL_Driver/Inc/Legacy -I../Drivers/CMSIS/Device/ST/STM32F4xx/Include -I../Drivers/CMSIS/Include -O0 -ffunction-sections -fdata-sections -Wall -fstack-usage -fcyclomatic-complexity -MMD -MP -MF"Core/Src/led.d" -MT"Core/Src/led.o" --specs=nano.specs -mfpu=fpv4-sp-d16 -mfloat-abi=hard -mthumb -o "Core/Src/led.o"
arm-none-eabi-gcc "../Core/Src/main.c" -mcpu=cortex-m4 -std=gnu11 -g3 -DDEBUG -DUSE_HAL_DRIVER -DSTM32F411xE -c -I../Core/Inc -I../Drivers/STM32F4xx_HAL_Driver/Inc -I../Drivers/STM32F4xx_HAL_Driver/Inc/Legacy -I../Drivers/CMSIS/Device/ST/STM32F4xx/Include -I../Drivers/CMSIS/Include -O0 -ffunction-sections -fdata-sections -Wall -fstack-usage -fcyclomatic-complexity -MMD -MP -MF"Core/Src/main.d" -MT"Core/Src/main.o" --specs=nano.specs -mfpu=fpv4-sp-d16 -mfloat-abi=hard -mthumb -o "Core/Src/main.o"
../Core/Src/led.c: In function 'led_main':
../Core/Src/led.c:19:1: error: expected declaration or statement at end of input
   19 | }
      | ^
../Core/Src/main.c: In function 'main':
../Core/Src/main.c:70:9: warning: implicit declaration of function 'HAL_init'; did you mean 'HAL_Init'? [-Wimplicit-function-declaration]
   70 |         HAL_init();
      |         ^~~~~~~~
      |         HAL_Init
make: *** [Core/Src/subdir.mk:37: Core/Src/led.o] Error 1
make: *** Waiting for unfinished jobs....
"make -j16 all" terminated with exit code 2. Build might be incomplete.
13:04:40 **** Incremental Build of configuration Debug for project 01.LED_BUTTON_CONTROL1 ****
make -j16 all 
arm-none-eabi-gcc "../Core/Src/led.c" -mcpu=cortex-m4 -std=gnu11 -g3 -DDEBUG -DUSE_HAL_DRIVER -DSTM32F411xE -c -I../Core/Inc -I../Drivers/STM32F4xx_HAL_Driver/Inc -I../Drivers/STM32F4xx_HAL_Driver/Inc/Legacy -I../Drivers/CMSIS/Device/ST/STM32F4xx/Include -I../Drivers/CMSIS/Include -O0 -ffunction-sections -fdata-sections -Wall -fstack-usage -fcyclomatic-complexity -MMD -MP -MF"Core/Src/led.d" -MT"Core/Src/led.o" --specs=nano.specs -mfpu=fpv4-sp-d16 -mfloat-abi=hard -mthumb -o "Core/Src/led.o"
arm-none-eabi-gcc -o "01.LED_BUTTON_CONTROL1.elf" @"objects.list"   -mcpu=cortex-m4 -T"D:\project\STM32F411RETx\01.LED_BUTTON_CONTROL1\STM32F411RETX_FLASH.ld" --specs=nosys.specs -Wl,-Map="01.LED_BUTTON_CONTROL1.map" -Wl,--gc-sections -static --specs=nano.specs -mfpu=fpv4-sp-d16 -mfloat-abi=hard -mthumb -Wl,--start-group -lc -lm -Wl,--end-group
C:/ST/STM32CubeIDE_1.15.0/STM32CubeIDE/plugins/com.st.stm32cube.ide.mcu.externaltools.gnu-tools-for-stm32.12.3.rel1.win32_1.0.100.202403111256/tools/bin/../lib/gcc/arm-none-eabi/12.3.1/../../../../arm-none-eabi/bin/ld.exe: ./Core/Src/main.o: in function `main':
D:/project/STM32F411RETx/01.LED_BUTTON_CONTROL1/Debug/../Core/Src/main.c:70: undefined reference to `HAL_init'
collect2.exe: error: ld returned 1 exit status
make: *** [makefile:64: 01.LED_BUTTON_CONTROL1.elf] Error 1
"make -j16 all" terminated with exit code 2. Build might be incomplete.
13:05:27 **** Incremental Build of configuration Debug for project 01.LED_BUTTON_CONTROL1 ****
make -j16 all 
arm-none-eabi-gcc "../Core/Src/main.c" -mcpu=cortex-m4 -std=gnu11 -g3 -DDEBUG -DUSE_HAL_DRIVER -DSTM32F411xE -c -I../Core/Inc -I../Drivers/STM32F4xx_HAL_Driver/Inc -I../Drivers/STM32F4xx_HAL_Driver/Inc/Legacy -I../Drivers/CMSIS/Device/ST/STM32F4xx/Include -I../Drivers/CMSIS/Include -O0 -ffunction-sections -fdata-sections -Wall -fstack-usage -fcyclomatic-complexity -MMD -MP -MF"Core/Src/main.d" -MT"Core/Src/main.o" --specs=nano.specs -mfpu=fpv4-sp-d16 -mfloat-abi=hard -mthumb -o "Core/Src/main.o"
arm-none-eabi-gcc -o "01.LED_BUTTON_CONTROL1.elf" @"objects.list"   -mcpu=cortex-m4 -T"D:\project\STM32F411RETx\01.LED_BUTTON_CONTROL1\STM32F411RETX_FLASH.ld" --specs=nosys.specs -Wl,-Map="01.LED_BUTTON_CONTROL1.map" -Wl,--gc-sections -static --specs=nano.specs -mfpu=fpv4-sp-d16 -mfloat-abi=hard -mthumb -Wl,--start-group -lc -lm -Wl,--end-group
Finished building target: 01.LED_BUTTON_CONTROL1.elf
 
arm-none-eabi-size  01.LED_BUTTON_CONTROL1.elf 
arm-none-eabi-objdump -h -S 01.LED_BUTTON_CONTROL1.elf  > "01.LED_BUTTON_CONTROL1.list"
   text	   data	    bss	    dec	    hex	filename
   7884	     12	   1644	   9540	   2544	01.LED_BUTTON_CONTROL1.elf
Finished building: default.size.stdout
 
Finished building: 01.LED_BUTTON_CONTROL1.list
 
13:17:08 **** Incremental Build of configuration Debug for project 01.LED_BUTTON_CONTROL1 ****
make -j16 all 
arm-none-eabi-gcc "../Core/Src/led.c" -mcpu=cortex-m4 -std=gnu11 -g3 -DDEBUG -DUSE_HAL_DRIVER -DSTM32F411xE -c -I../Core/Inc -I../Drivers/STM32F4xx_HAL_Driver/Inc -I../Drivers/STM32F4xx_HAL_Driver/Inc/Legacy -I../Drivers/CMSIS/Device/ST/STM32F4xx/Include -I../Drivers/CMSIS/Include -O0 -ffunction-sections -fdata-sections -Wall -fstack-usage -fcyclomatic-complexity -MMD -MP -MF"Core/Src/led.d" -MT"Core/Src/led.o" --specs=nano.specs -mfpu=fpv4-sp-d16 -mfloat-abi=hard -mthumb -o "Core/Src/led.o"
../Core/Src/led.c: In function 'led_all_on':
../Core/Src/led.c:7:44: error: 'oxff' undeclared (first use in this function)
    7 |                   HAL_GPIO_WritePin (GPIOB,oxff,1);
      |                                            ^~~~
../Core/Src/led.c:7:44: note: each undeclared identifier is reported only once for each function it appears in
../Core/Src/led.c: In function 'led_main':
../Core/Src/led.c:32:1: warning: statement with no effect [-Wunused-value]
   32 | 0}
      | ^
../Core/Src/led.c:32:2: error: expected ';' before '}' token
   32 | 0}
      |  ^
      |  ;
make: *** [Core/Src/subdir.mk:37: Core/Src/led.o] Error 1
"make -j16 all" terminated with exit code 2. Build might be incomplete.
13:17:20 **** Incremental Build of configuration Debug for project 01.LED_BUTTON_CONTROL1 ****
make -j16 all 
arm-none-eabi-gcc "../Core/Src/led.c" -mcpu=cortex-m4 -std=gnu11 -g3 -DDEBUG -DUSE_HAL_DRIVER -DSTM32F411xE -c -I../Core/Inc -I../Drivers/STM32F4xx_HAL_Driver/Inc -I../Drivers/STM32F4xx_HAL_Driver/Inc/Legacy -I../Drivers/CMSIS/Device/ST/STM32F4xx/Include -I../Drivers/CMSIS/Include -O0 -ffunction-sections -fdata-sections -Wall -fstack-usage -fcyclomatic-complexity -MMD -MP -MF"Core/Src/led.d" -MT"Core/Src/led.o" --specs=nano.specs -mfpu=fpv4-sp-d16 -mfloat-abi=hard -mthumb -o "Core/Src/led.o"
../Core/Src/led.c: In function 'led_main':
../Core/Src/led.c:32:1: warning: statement with no effect [-Wunused-value]
   32 | 0}
      | ^
../Core/Src/led.c:32:2: error: expected ';' before '}' token
   32 | 0}
      |  ^
      |  ;
make: *** [Core/Src/subdir.mk:37: Core/Src/led.o] Error 1
"make -j16 all" terminated with exit code 2. Build might be incomplete.
13:17:32 **** Incremental Build of configuration Debug for project 01.LED_BUTTON_CONTROL1 ****
make -j16 all 
arm-none-eabi-gcc "../Core/Src/led.c" -mcpu=cortex-m4 -std=gnu11 -g3 -DDEBUG -DUSE_HAL_DRIVER -DSTM32F411xE -c -I../Core/Inc -I../Drivers/STM32F4xx_HAL_Driver/Inc -I../Drivers/STM32F4xx_HAL_Driver/Inc/Legacy -I../Drivers/CMSIS/Device/ST/STM32F4xx/Include -I../Drivers/CMSIS/Include -O0 -ffunction-sections -fdata-sections -Wall -fstack-usage -fcyclomatic-complexity -MMD -MP -MF"Core/Src/led.d" -MT"Core/Src/led.o" --specs=nano.specs -mfpu=fpv4-sp-d16 -mfloat-abi=hard -mthumb -o "Core/Src/led.o"
arm-none-eabi-gcc -o "01.LED_BUTTON_CONTROL1.elf" @"objects.list"   -mcpu=cortex-m4 -T"D:\project\STM32F411RETx\01.LED_BUTTON_CONTROL1\STM32F411RETX_FLASH.ld" --specs=nosys.specs -Wl,-Map="01.LED_BUTTON_CONTROL1.map" -Wl,--gc-sections -static --specs=nano.specs -mfpu=fpv4-sp-d16 -mfloat-abi=hard -mthumb -Wl,--start-group -lc -lm -Wl,--end-group
Finished building target: 01.LED_BUTTON_CONTROL1.elf
 
arm-none-eabi-size  01.LED_BUTTON_CONTROL1.elf 
arm-none-eabi-objdump -h -S 01.LED_BUTTON_CONTROL1.elf  > "01.LED_BUTTON_CONTROL1.list"
   text	   data	    bss	    dec	    hex	filename
   7916	     12	   1644	   9572	   2564	01.LED_BUTTON_CONTROL1.elf
Finished building: default.size.stdout
 
Finished building: 01.LED_BUTTON_CONTROL1.list
 
13:18:00 **** Incremental Build of configuration Debug for project 01.LED_BUTTON_CONTROL1 ****
make -j16 all 
arm-none-eabi-gcc "../Core/Src/led.c" -mcpu=cortex-m4 -std=gnu11 -g3 -DDEBUG -DUSE_HAL_DRIVER -DSTM32F411xE -c -I../Core/Inc -I../Drivers/STM32F4xx_HAL_Driver/Inc -I../Drivers/STM32F4xx_HAL_Driver/Inc/Legacy -I../Drivers/CMSIS/Device/ST/STM32F4xx/Include -I../Drivers/CMSIS/Include -O0 -ffunction-sections -fdata-sections -Wall -fstack-usage -fcyclomatic-complexity -MMD -MP -MF"Core/Src/led.d" -MT"Core/Src/led.o" --specs=nano.specs -mfpu=fpv4-sp-d16 -mfloat-abi=hard -mthumb -o "Core/Src/led.o"
arm-none-eabi-gcc -o "01.LED_BUTTON_CONTROL1.elf" @"objects.list"   -mcpu=cortex-m4 -T"D:\project\STM32F411RETx\01.LED_BUTTON_CONTROL1\STM32F411RETX_FLASH.ld" --specs=nosys.specs -Wl,-Map="01.LED_BUTTON_CONTROL1.map" -Wl,--gc-sections -static --specs=nano.specs -mfpu=fpv4-sp-d16 -mfloat-abi=hard -mthumb -Wl,--start-group -lc -lm -Wl,--end-group
Finished building target: 01.LED_BUTTON_CONTROL1.elf
 
arm-none-eabi-size  01.LED_BUTTON_CONTROL1.elf 
arm-none-eabi-objdump -h -S 01.LED_BUTTON_CONTROL1.elf  > "01.LED_BUTTON_CONTROL1.list"
   text	   data	    bss	    dec	    hex	filename
   7912	     12	   1644	   9568	   2560	01.LED_BUTTON_CONTROL1.elf
Finished building: default.size.stdout
 
Finished building: 01.LED_BUTTON_CONTROL1.list
 
13:32:37 **** Incremental Build of configuration Debug for project 01.LED_BUTTON_CONTROL1 ****
make -j16 all 
arm-none-eabi-gcc "../Core/Src/led.c" -mcpu=cortex-m4 -std=gnu11 -g3 -DDEBUG -DUSE_HAL_DRIVER -DSTM32F411xE -c -I../Core/Inc -I../Drivers/STM32F4xx_HAL_Driver/Inc -I../Drivers/STM32F4xx_HAL_Driver/Inc/Legacy -I../Drivers/CMSIS/Device/ST/STM32F4xx/Include -I../Drivers/CMSIS/Include -O0 -ffunction-sections -fdata-sections -Wall -fstack-usage -fcyclomatic-complexity -MMD -MP -MF"Core/Src/led.d" -MT"Core/Src/led.o" --specs=nano.specs -mfpu=fpv4-sp-d16 -mfloat-abi=hard -mthumb -o "Core/Src/led.o"
arm-none-eabi-gcc -o "01.LED_BUTTON_CONTROL1.elf" @"objects.list"   -mcpu=cortex-m4 -T"D:\project\STM32F411RETx\01.LED_BUTTON_CONTROL1\STM32F411RETX_FLASH.ld" --specs=nosys.specs -Wl,-Map="01.LED_BUTTON_CONTROL1.map" -Wl,--gc-sections -static --specs=nano.specs -mfpu=fpv4-sp-d16 -mfloat-abi=hard -mthumb -Wl,--start-group -lc -lm -Wl,--end-group
Finished building target: 01.LED_BUTTON_CONTROL1.elf
 
arm-none-eabi-size  01.LED_BUTTON_CONTROL1.elf 
arm-none-eabi-objdump -h -S 01.LED_BUTTON_CONTROL1.elf  > "01.LED_BUTTON_CONTROL1.list"
   text	   data	    bss	    dec	    hex	filename
   7940	     12	   1644	   9596	   257c	01.LED_BUTTON_CONTROL1.elf
Finished building: default.size.stdout
 
Finished building: 01.LED_BUTTON_CONTROL1.list
 
13:38:27 **** Incremental Build of configuration Debug for project 01.LED_BUTTON_CONTROL1 ****
make -j16 all 
arm-none-eabi-gcc "../Core/Src/led.c" -mcpu=cortex-m4 -std=gnu11 -g3 -DDEBUG -DUSE_HAL_DRIVER -DSTM32F411xE -c -I../Core/Inc -I../Drivers/STM32F4xx_HAL_Driver/Inc -I../Drivers/STM32F4xx_HAL_Driver/Inc/Legacy -I../Drivers/CMSIS/Device/ST/STM32F4xx/Include -I../Drivers/CMSIS/Include -O0 -ffunction-sections -fdata-sections -Wall -fstack-usage -fcyclomatic-complexity -MMD -MP -MF"Core/Src/led.d" -MT"Core/Src/led.o" --specs=nano.specs -mfpu=fpv4-sp-d16 -mfloat-abi=hard -mthumb -o "Core/Src/led.o"
arm-none-eabi-gcc -o "01.LED_BUTTON_CONTROL1.elf" @"objects.list"   -mcpu=cortex-m4 -T"D:\project\STM32F411RETx\01.LED_BUTTON_CONTROL1\STM32F411RETX_FLASH.ld" --specs=nosys.specs -Wl,-Map="01.LED_BUTTON_CONTROL1.map" -Wl,--gc-sections -static --specs=nano.specs -mfpu=fpv4-sp-d16 -mfloat-abi=hard -mthumb -Wl,--start-group -lc -lm -Wl,--end-group
Finished building target: 01.LED_BUTTON_CONTROL1.elf
 
arm-none-eabi-size  01.LED_BUTTON_CONTROL1.elf 
arm-none-eabi-objdump -h -S 01.LED_BUTTON_CONTROL1.elf  > "01.LED_BUTTON_CONTROL1.list"
   text	   data	    bss	    dec	    hex	filename
   7948	     12	   1644	   9604	   2584	01.LED_BUTTON_CONTROL1.elf
Finished building: default.size.stdout
 
Finished building: 01.LED_BUTTON_CONTROL1.list
 
13:38:55 **** Incremental Build of configuration Debug for project 01.LED_BUTTON_CONTROL1 ****
make -j16 all 
arm-none-eabi-gcc "../Core/Src/led.c" -mcpu=cortex-m4 -std=gnu11 -g3 -DDEBUG -DUSE_HAL_DRIVER -DSTM32F411xE -c -I../Core/Inc -I../Drivers/STM32F4xx_HAL_Driver/Inc -I../Drivers/STM32F4xx_HAL_Driver/Inc/Legacy -I../Drivers/CMSIS/Device/ST/STM32F4xx/Include -I../Drivers/CMSIS/Include -O0 -ffunction-sections -fdata-sections -Wall -fstack-usage -fcyclomatic-complexity -MMD -MP -MF"Core/Src/led.d" -MT"Core/Src/led.o" --specs=nano.specs -mfpu=fpv4-sp-d16 -mfloat-abi=hard -mthumb -o "Core/Src/led.o"
arm-none-eabi-gcc -o "01.LED_BUTTON_CONTROL1.elf" @"objects.list"   -mcpu=cortex-m4 -T"D:\project\STM32F411RETx\01.LED_BUTTON_CONTROL1\STM32F411RETX_FLASH.ld" --specs=nosys.specs -Wl,-Map="01.LED_BUTTON_CONTROL1.map" -Wl,--gc-sections -static --specs=nano.specs -mfpu=fpv4-sp-d16 -mfloat-abi=hard -mthumb -Wl,--start-group -lc -lm -Wl,--end-group
Finished building target: 01.LED_BUTTON_CONTROL1.elf
 
arm-none-eabi-size  01.LED_BUTTON_CONTROL1.elf 
arm-none-eabi-objdump -h -S 01.LED_BUTTON_CONTROL1.elf  > "01.LED_BUTTON_CONTROL1.list"
   text	   data	    bss	    dec	    hex	filename
   8028	     12	   1644	   9684	   25d4	01.LED_BUTTON_CONTROL1.elf
Finished building: default.size.stdout
 
Finished building: 01.LED_BUTTON_CONTROL1.list
 
13:43:48 **** Incremental Build of configuration Debug for project 01.LED_BUTTON_CONTROL1 ****
make -j16 all 
arm-none-eabi-gcc "../Core/Src/led.c" -mcpu=cortex-m4 -std=gnu11 -g3 -DDEBUG -DUSE_HAL_DRIVER -DSTM32F411xE -c -I../Core/Inc -I../Drivers/STM32F4xx_HAL_Driver/Inc -I../Drivers/STM32F4xx_HAL_Driver/Inc/Legacy -I../Drivers/CMSIS/Device/ST/STM32F4xx/Include -I../Drivers/CMSIS/Include -O0 -ffunction-sections -fdata-sections -Wall -fstack-usage -fcyclomatic-complexity -MMD -MP -MF"Core/Src/led.d" -MT"Core/Src/led.o" --specs=nano.specs -mfpu=fpv4-sp-d16 -mfloat-abi=hard -mthumb -o "Core/Src/led.o"
arm-none-eabi-gcc -o "01.LED_BUTTON_CONTROL1.elf" @"objects.list"   -mcpu=cortex-m4 -T"D:\project\STM32F411RETx\01.LED_BUTTON_CONTROL1\STM32F411RETX_FLASH.ld" --specs=nosys.specs -Wl,-Map="01.LED_BUTTON_CONTROL1.map" -Wl,--gc-sections -static --specs=nano.specs -mfpu=fpv4-sp-d16 -mfloat-abi=hard -mthumb -Wl,--start-group -lc -lm -Wl,--end-group
Finished building target: 01.LED_BUTTON_CONTROL1.elf
 
arm-none-eabi-size  01.LED_BUTTON_CONTROL1.elf 
arm-none-eabi-objdump -h -S 01.LED_BUTTON_CONTROL1.elf  > "01.LED_BUTTON_CONTROL1.list"
   text	   data	    bss	    dec	    hex	filename
   8028	     12	   1644	   9684	   25d4	01.LED_BUTTON_CONTROL1.elf
Finished building: default.size.stdout
 
Finished building: 01.LED_BUTTON_CONTROL1.list
 
13:45:03 **** Incremental Build of configuration Debug for project 01.LED_BUTTON_CONTROL1 ****
make -j16 all 
arm-none-eabi-gcc "../Core/Src/led.c" -mcpu=cortex-m4 -std=gnu11 -g3 -DDEBUG -DUSE_HAL_DRIVER -DSTM32F411xE -c -I../Core/Inc -I../Drivers/STM32F4xx_HAL_Driver/Inc -I../Drivers/STM32F4xx_HAL_Driver/Inc/Legacy -I../Drivers/CMSIS/Device/ST/STM32F4xx/Include -I../Drivers/CMSIS/Include -O0 -ffunction-sections -fdata-sections -Wall -fstack-usage -fcyclomatic-complexity -MMD -MP -MF"Core/Src/led.d" -MT"Core/Src/led.o" --specs=nano.specs -mfpu=fpv4-sp-d16 -mfloat-abi=hard -mthumb -o "Core/Src/led.o"
arm-none-eabi-gcc -o "01.LED_BUTTON_CONTROL1.elf" @"objects.list"   -mcpu=cortex-m4 -T"D:\project\STM32F411RETx\01.LED_BUTTON_CONTROL1\STM32F411RETX_FLASH.ld" --specs=nosys.specs -Wl,-Map="01.LED_BUTTON_CONTROL1.map" -Wl,--gc-sections -static --specs=nano.specs -mfpu=fpv4-sp-d16 -mfloat-abi=hard -mthumb -Wl,--start-group -lc -lm -Wl,--end-group
Finished building target: 01.LED_BUTTON_CONTROL1.elf
 
arm-none-eabi-size  01.LED_BUTTON_CONTROL1.elf 
arm-none-eabi-objdump -h -S 01.LED_BUTTON_CONTROL1.elf  > "01.LED_BUTTON_CONTROL1.list"
   text	   data	    bss	    dec	    hex	filename
   8028	     12	   1644	   9684	   25d4	01.LED_BUTTON_CONTROL1.elf
Finished building: default.size.stdout
 
Finished building: 01.LED_BUTTON_CONTROL1.list
 
13:45:27 **** Incremental Build of configuration Debug for project 01.LED_BUTTON_CONTROL1 ****
make -j16 all 
arm-none-eabi-size  01.LED_BUTTON_CONTROL1.elf 
   text	   data	    bss	    dec	    hex	filename
   8028	     12	   1644	   9684	   25d4	01.LED_BUTTON_CONTROL1.elf
Finished building: default.size.stdout
 
13:45:57 **** Incremental Build of configuration Debug for project 01.LED_BUTTON_CONTROL1 ****
make -j16 all 
arm-none-eabi-gcc "../Core/Src/led.c" -mcpu=cortex-m4 -std=gnu11 -g3 -DDEBUG -DUSE_HAL_DRIVER -DSTM32F411xE -c -I../Core/Inc -I../Drivers/STM32F4xx_HAL_Driver/Inc -I../Drivers/STM32F4xx_HAL_Driver/Inc/Legacy -I../Drivers/CMSIS/Device/ST/STM32F4xx/Include -I../Drivers/CMSIS/Include -O0 -ffunction-sections -fdata-sections -Wall -fstack-usage -fcyclomatic-complexity -MMD -MP -MF"Core/Src/led.d" -MT"Core/Src/led.o" --specs=nano.specs -mfpu=fpv4-sp-d16 -mfloat-abi=hard -mthumb -o "Core/Src/led.o"
arm-none-eabi-gcc -o "01.LED_BUTTON_CONTROL1.elf" @"objects.list"   -mcpu=cortex-m4 -T"D:\project\STM32F411RETx\01.LED_BUTTON_CONTROL1\STM32F411RETX_FLASH.ld" --specs=nosys.specs -Wl,-Map="01.LED_BUTTON_CONTROL1.map" -Wl,--gc-sections -static --specs=nano.specs -mfpu=fpv4-sp-d16 -mfloat-abi=hard -mthumb -Wl,--start-group -lc -lm -Wl,--end-group
Finished building target: 01.LED_BUTTON_CONTROL1.elf
 
arm-none-eabi-size  01.LED_BUTTON_CONTROL1.elf 
arm-none-eabi-objdump -h -S 01.LED_BUTTON_CONTROL1.elf  > "01.LED_BUTTON_CONTROL1.list"
   text	   data	    bss	    dec	    hex	filename
   8028	     12	   1644	   9684	   25d4	01.LED_BUTTON_CONTROL1.elf
Finished building: default.size.stdout
 
Finished building: 01.LED_BUTTON_CONTROL1.list
 
14:17:46 **** Incremental Build of configuration Debug for project 01.LED_BUTTON_CONTROL1 ****
make -j16 all 
arm-none-eabi-gcc "../Core/Src/led.c" -mcpu=cortex-m4 -std=gnu11 -g3 -DDEBUG -DUSE_HAL_DRIVER -DSTM32F411xE -c -I../Core/Inc -I../Drivers/STM32F4xx_HAL_Driver/Inc -I../Drivers/STM32F4xx_HAL_Driver/Inc/Legacy -I../Drivers/CMSIS/Device/ST/STM32F4xx/Include -I../Drivers/CMSIS/Include -O0 -ffunction-sections -fdata-sections -Wall -fstack-usage -fcyclomatic-complexity -MMD -MP -MF"Core/Src/led.d" -MT"Core/Src/led.o" --specs=nano.specs -mfpu=fpv4-sp-d16 -mfloat-abi=hard -mthumb -o "Core/Src/led.o"
arm-none-eabi-gcc -o "01.LED_BUTTON_CONTROL1.elf" @"objects.list"   -mcpu=cortex-m4 -T"D:\project\STM32F411RETx\01.LED_BUTTON_CONTROL1\STM32F411RETX_FLASH.ld" --specs=nosys.specs -Wl,-Map="01.LED_BUTTON_CONTROL1.map" -Wl,--gc-sections -static --specs=nano.specs -mfpu=fpv4-sp-d16 -mfloat-abi=hard -mthumb -Wl,--start-group -lc -lm -Wl,--end-group
Finished building target: 01.LED_BUTTON_CONTROL1.elf
 
arm-none-eabi-size  01.LED_BUTTON_CONTROL1.elf 
arm-none-eabi-objdump -h -S 01.LED_BUTTON_CONTROL1.elf  > "01.LED_BUTTON_CONTROL1.list"
   text	   data	    bss	    dec	    hex	filename
   7900	     12	   1644	   9556	   2554	01.LED_BUTTON_CONTROL1.elf
Finished building: default.size.stdout
 
Finished building: 01.LED_BUTTON_CONTROL1.list
 
14:24:30 **** Incremental Build of configuration Debug for project 01.LED_BUTTON_CONTROL1 ****
make -j16 all 
arm-none-eabi-gcc "../Core/Src/led.c" -mcpu=cortex-m4 -std=gnu11 -g3 -DDEBUG -DUSE_HAL_DRIVER -DSTM32F411xE -c -I../Core/Inc -I../Drivers/STM32F4xx_HAL_Driver/Inc -I../Drivers/STM32F4xx_HAL_Driver/Inc/Legacy -I../Drivers/CMSIS/Device/ST/STM32F4xx/Include -I../Drivers/CMSIS/Include -O0 -ffunction-sections -fdata-sections -Wall -fstack-usage -fcyclomatic-complexity -MMD -MP -MF"Core/Src/led.d" -MT"Core/Src/led.o" --specs=nano.specs -mfpu=fpv4-sp-d16 -mfloat-abi=hard -mthumb -o "Core/Src/led.o"
In file included from ../Drivers/CMSIS/Device/ST/STM32F4xx/Include/stm32f4xx.h:154,
                 from ../Drivers/STM32F4xx_HAL_Driver/Inc/stm32f4xx_hal_def.h:29,
                 from ../Drivers/STM32F4xx_HAL_Driver/Inc/stm32f4xx_hal_rcc.h:27,
                 from ../Core/Inc/stm32f4xx_hal_conf.h:275,
                 from ../Drivers/STM32F4xx_HAL_Driver/Inc/stm32f4xx_hal.h:29,
                 from ../Core/Inc/main.h:30,
                 from ../Core/Inc/led.h:10,
                 from ../Core/Src/led.c:1:
../Drivers/CMSIS/Device/ST/STM32F4xx/Include/stm32f411xe.h:783:29: error: expected declaration specifiers or '...' before '(' token
  783 | #define GPIOB               ((GPIO_TypeDef *) GPIOB_BASE)
      |                             ^
../Core/Src/led.c:78:27: note: in expansion of macro 'GPIOB'
   78 |         HAL_GPIO_WritePin(GPIOB,0x10,1);
      |                           ^~~~~
../Core/Src/led.c:78:33: error: expected declaration specifiers or '...' before numeric constant
   78 |         HAL_GPIO_WritePin(GPIOB,0x10,1);
      |                                 ^~~~
../Core/Src/led.c:78:38: error: expected declaration specifiers or '...' before numeric constant
   78 |         HAL_GPIO_WritePin(GPIOB,0x10,1);
      |                                      ^
make: *** [Core/Src/subdir.mk:37: Core/Src/led.o] Error 1
"make -j16 all" terminated with exit code 2. Build might be incomplete.
14:24:39 **** Incremental Build of configuration Debug for project 01.LED_BUTTON_CONTROL1 ****
make -j16 all 
arm-none-eabi-gcc "../Core/Src/led.c" -mcpu=cortex-m4 -std=gnu11 -g3 -DDEBUG -DUSE_HAL_DRIVER -DSTM32F411xE -c -I../Core/Inc -I../Drivers/STM32F4xx_HAL_Driver/Inc -I../Drivers/STM32F4xx_HAL_Driver/Inc/Legacy -I../Drivers/CMSIS/Device/ST/STM32F4xx/Include -I../Drivers/CMSIS/Include -O0 -ffunction-sections -fdata-sections -Wall -fstack-usage -fcyclomatic-complexity -MMD -MP -MF"Core/Src/led.d" -MT"Core/Src/led.o" --specs=nano.specs -mfpu=fpv4-sp-d16 -mfloat-abi=hard -mthumb -o "Core/Src/led.o"
arm-none-eabi-gcc -o "01.LED_BUTTON_CONTROL1.elf" @"objects.list"   -mcpu=cortex-m4 -T"D:\project\STM32F411RETx\01.LED_BUTTON_CONTROL1\STM32F411RETX_FLASH.ld" --specs=nosys.specs -Wl,-Map="01.LED_BUTTON_CONTROL1.map" -Wl,--gc-sections -static --specs=nano.specs -mfpu=fpv4-sp-d16 -mfloat-abi=hard -mthumb -Wl,--start-group -lc -lm -Wl,--end-group
Finished building target: 01.LED_BUTTON_CONTROL1.elf
 
arm-none-eabi-size  01.LED_BUTTON_CONTROL1.elf 
arm-none-eabi-objdump -h -S 01.LED_BUTTON_CONTROL1.elf  > "01.LED_BUTTON_CONTROL1.list"
   text	   data	    bss	    dec	    hex	filename
   7948	     12	   1644	   9604	   2584	01.LED_BUTTON_CONTROL1.elf
Finished building: default.size.stdout
 
Finished building: 01.LED_BUTTON_CONTROL1.list
 
14:25:02 **** Incremental Build of configuration Debug for project 01.LED_BUTTON_CONTROL1 ****
make -j16 all 
arm-none-eabi-gcc "../Core/Src/led.c" -mcpu=cortex-m4 -std=gnu11 -g3 -DDEBUG -DUSE_HAL_DRIVER -DSTM32F411xE -c -I../Core/Inc -I../Drivers/STM32F4xx_HAL_Driver/Inc -I../Drivers/STM32F4xx_HAL_Driver/Inc/Legacy -I../Drivers/CMSIS/Device/ST/STM32F4xx/Include -I../Drivers/CMSIS/Include -O0 -ffunction-sections -fdata-sections -Wall -fstack-usage -fcyclomatic-complexity -MMD -MP -MF"Core/Src/led.d" -MT"Core/Src/led.o" --specs=nano.specs -mfpu=fpv4-sp-d16 -mfloat-abi=hard -mthumb -o "Core/Src/led.o"
../Core/Src/led.c:90:1: error: expected identifier or '(' before '}' token
   90 | }
      | ^
make: *** [Core/Src/subdir.mk:37: Core/Src/led.o] Error 1
"make -j16 all" terminated with exit code 2. Build might be incomplete.
14:25:17 **** Incremental Build of configuration Debug for project 01.LED_BUTTON_CONTROL1 ****
make -j16 all 
arm-none-eabi-gcc "../Core/Src/led.c" -mcpu=cortex-m4 -std=gnu11 -g3 -DDEBUG -DUSE_HAL_DRIVER -DSTM32F411xE -c -I../Core/Inc -I../Drivers/STM32F4xx_HAL_Driver/Inc -I../Drivers/STM32F4xx_HAL_Driver/Inc/Legacy -I../Drivers/CMSIS/Device/ST/STM32F4xx/Include -I../Drivers/CMSIS/Include -O0 -ffunction-sections -fdata-sections -Wall -fstack-usage -fcyclomatic-complexity -MMD -MP -MF"Core/Src/led.d" -MT"Core/Src/led.o" --specs=nano.specs -mfpu=fpv4-sp-d16 -mfloat-abi=hard -mthumb -o "Core/Src/led.o"
arm-none-eabi-gcc -o "01.LED_BUTTON_CONTROL1.elf" @"objects.list"   -mcpu=cortex-m4 -T"D:\project\STM32F411RETx\01.LED_BUTTON_CONTROL1\STM32F411RETX_FLASH.ld" --specs=nosys.specs -Wl,-Map="01.LED_BUTTON_CONTROL1.map" -Wl,--gc-sections -static --specs=nano.specs -mfpu=fpv4-sp-d16 -mfloat-abi=hard -mthumb -Wl,--start-group -lc -lm -Wl,--end-group
Finished building target: 01.LED_BUTTON_CONTROL1.elf
 
arm-none-eabi-size  01.LED_BUTTON_CONTROL1.elf 
arm-none-eabi-objdump -h -S 01.LED_BUTTON_CONTROL1.elf  > "01.LED_BUTTON_CONTROL1.list"
   text	   data	    bss	    dec	    hex	filename
   7980	     12	   1644	   9636	   25a4	01.LED_BUTTON_CONTROL1.elf
Finished building: default.size.stdout
 
Finished building: 01.LED_BUTTON_CONTROL1.list
 
14:26:30 **** Incremental Build of configuration Debug for project 01.LED_BUTTON_CONTROL1 ****
make -j16 all 
arm-none-eabi-gcc "../Core/Src/led.c" -mcpu=cortex-m4 -std=gnu11 -g3 -DDEBUG -DUSE_HAL_DRIVER -DSTM32F411xE -c -I../Core/Inc -I../Drivers/STM32F4xx_HAL_Driver/Inc -I../Drivers/STM32F4xx_HAL_Driver/Inc/Legacy -I../Drivers/CMSIS/Device/ST/STM32F4xx/Include -I../Drivers/CMSIS/Include -O0 -ffunction-sections -fdata-sections -Wall -fstack-usage -fcyclomatic-complexity -MMD -MP -MF"Core/Src/led.d" -MT"Core/Src/led.o" --specs=nano.specs -mfpu=fpv4-sp-d16 -mfloat-abi=hard -mthumb -o "Core/Src/led.o"
../Core/Src/led.c:102:1: error: expected identifier or '(' before '}' token
  102 | }
      | ^
make: *** [Core/Src/subdir.mk:37: Core/Src/led.o] Error 1
"make -j16 all" terminated with exit code 2. Build might be incomplete.
14:26:35 **** Incremental Build of configuration Debug for project 01.LED_BUTTON_CONTROL1 ****
make -j16 all 
arm-none-eabi-gcc "../Core/Src/led.c" -mcpu=cortex-m4 -std=gnu11 -g3 -DDEBUG -DUSE_HAL_DRIVER -DSTM32F411xE -c -I../Core/Inc -I../Drivers/STM32F4xx_HAL_Driver/Inc -I../Drivers/STM32F4xx_HAL_Driver/Inc/Legacy -I../Drivers/CMSIS/Device/ST/STM32F4xx/Include -I../Drivers/CMSIS/Include -O0 -ffunction-sections -fdata-sections -Wall -fstack-usage -fcyclomatic-complexity -MMD -MP -MF"Core/Src/led.d" -MT"Core/Src/led.o" --specs=nano.specs -mfpu=fpv4-sp-d16 -mfloat-abi=hard -mthumb -o "Core/Src/led.o"
arm-none-eabi-gcc -o "01.LED_BUTTON_CONTROL1.elf" @"objects.list"   -mcpu=cortex-m4 -T"D:\project\STM32F411RETx\01.LED_BUTTON_CONTROL1\STM32F411RETX_FLASH.ld" --specs=nosys.specs -Wl,-Map="01.LED_BUTTON_CONTROL1.map" -Wl,--gc-sections -static --specs=nano.specs -mfpu=fpv4-sp-d16 -mfloat-abi=hard -mthumb -Wl,--start-group -lc -lm -Wl,--end-group
Finished building target: 01.LED_BUTTON_CONTROL1.elf
 
arm-none-eabi-size  01.LED_BUTTON_CONTROL1.elf 
arm-none-eabi-objdump -h -S 01.LED_BUTTON_CONTROL1.elf  > "01.LED_BUTTON_CONTROL1.list"
   text	   data	    bss	    dec	    hex	filename
   8052	     12	   1644	   9708	   25ec	01.LED_BUTTON_CONTROL1.elf
Finished building: default.size.stdout
 
Finished building: 01.LED_BUTTON_CONTROL1.list
 
14:27:00 **** Incremental Build of configuration Debug for project 01.LED_BUTTON_CONTROL1 ****
make -j16 all 
arm-none-eabi-gcc "../Core/Src/led.c" -mcpu=cortex-m4 -std=gnu11 -g3 -DDEBUG -DUSE_HAL_DRIVER -DSTM32F411xE -c -I../Core/Inc -I../Drivers/STM32F4xx_HAL_Driver/Inc -I../Drivers/STM32F4xx_HAL_Driver/Inc/Legacy -I../Drivers/CMSIS/Device/ST/STM32F4xx/Include -I../Drivers/CMSIS/Include -O0 -ffunction-sections -fdata-sections -Wall -fstack-usage -fcyclomatic-complexity -MMD -MP -MF"Core/Src/led.d" -MT"Core/Src/led.o" --specs=nano.specs -mfpu=fpv4-sp-d16 -mfloat-abi=hard -mthumb -o "Core/Src/led.o"
arm-none-eabi-gcc -o "01.LED_BUTTON_CONTROL1.elf" @"objects.list"   -mcpu=cortex-m4 -T"D:\project\STM32F411RETx\01.LED_BUTTON_CONTROL1\STM32F411RETX_FLASH.ld" --specs=nosys.specs -Wl,-Map="01.LED_BUTTON_CONTROL1.map" -Wl,--gc-sections -static --specs=nano.specs -mfpu=fpv4-sp-d16 -mfloat-abi=hard -mthumb -Wl,--start-group -lc -lm -Wl,--end-group
Finished building target: 01.LED_BUTTON_CONTROL1.elf
 
arm-none-eabi-size  01.LED_BUTTON_CONTROL1.elf 
arm-none-eabi-objdump -h -S 01.LED_BUTTON_CONTROL1.elf  > "01.LED_BUTTON_CONTROL1.list"
   text	   data	    bss	    dec	    hex	filename
   8052	     12	   1644	   9708	   25ec	01.LED_BUTTON_CONTROL1.elf
Finished building: default.size.stdout
 
Finished building: 01.LED_BUTTON_CONTROL1.list
 
16:11:52 **** Incremental Build of configuration Debug for project 01.LED_BUTTON_CONTROL1 ****
make -j16 all 
arm-none-eabi-gcc "../Core/Src/button.c" -mcpu=cortex-m4 -std=gnu11 -g3 -DDEBUG -DUSE_HAL_DRIVER -DSTM32F411xE -c -I../Core/Inc -I../Drivers/STM32F4xx_HAL_Driver/Inc -I../Drivers/STM32F4xx_HAL_Driver/Inc/Legacy -I../Drivers/CMSIS/Device/ST/STM32F4xx/Include -I../Drivers/CMSIS/Include -O0 -ffunction-sections -fdata-sections -Wall -fstack-usage -fcyclomatic-complexity -MMD -MP -MF"Core/Src/button.d" -MT"Core/Src/button.o" --specs=nano.specs -mfpu=fpv4-sp-d16 -mfloat-abi=hard -mthumb -o "Core/Src/button.o"
arm-none-eabi-gcc "../Core/Src/led.c" -mcpu=cortex-m4 -std=gnu11 -g3 -DDEBUG -DUSE_HAL_DRIVER -DSTM32F411xE -c -I../Core/Inc -I../Drivers/STM32F4xx_HAL_Driver/Inc -I../Drivers/STM32F4xx_HAL_Driver/Inc/Legacy -I../Drivers/CMSIS/Device/ST/STM32F4xx/Include -I../Drivers/CMSIS/Include -O0 -ffunction-sections -fdata-sections -Wall -fstack-usage -fcyclomatic-complexity -MMD -MP -MF"Core/Src/led.d" -MT"Core/Src/led.o" --specs=nano.specs -mfpu=fpv4-sp-d16 -mfloat-abi=hard -mthumb -o "Core/Src/led.o"
arm-none-eabi-gcc "../Core/Src/main.c" -mcpu=cortex-m4 -std=gnu11 -g3 -DDEBUG -DUSE_HAL_DRIVER -DSTM32F411xE -c -I../Core/Inc -I../Drivers/STM32F4xx_HAL_Driver/Inc -I../Drivers/STM32F4xx_HAL_Driver/Inc/Legacy -I../Drivers/CMSIS/Device/ST/STM32F4xx/Include -I../Drivers/CMSIS/Include -O0 -ffunction-sections -fdata-sections -Wall -fstack-usage -fcyclomatic-complexity -MMD -MP -MF"Core/Src/main.d" -MT"Core/Src/main.o" --specs=nano.specs -mfpu=fpv4-sp-d16 -mfloat-abi=hard -mthumb -o "Core/Src/main.o"
arm-none-eabi-gcc "../Core/Src/stm32f4xx_hal_msp.c" -mcpu=cortex-m4 -std=gnu11 -g3 -DDEBUG -DUSE_HAL_DRIVER -DSTM32F411xE -c -I../Core/Inc -I../Drivers/STM32F4xx_HAL_Driver/Inc -I../Drivers/STM32F4xx_HAL_Driver/Inc/Legacy -I../Drivers/CMSIS/Device/ST/STM32F4xx/Include -I../Drivers/CMSIS/Include -O0 -ffunction-sections -fdata-sections -Wall -fstack-usage -fcyclomatic-complexity -MMD -MP -MF"Core/Src/stm32f4xx_hal_msp.d" -MT"Core/Src/stm32f4xx_hal_msp.o" --specs=nano.specs -mfpu=fpv4-sp-d16 -mfloat-abi=hard -mthumb -o "Core/Src/stm32f4xx_hal_msp.o"
arm-none-eabi-gcc "../Core/Src/stm32f4xx_it.c" -mcpu=cortex-m4 -std=gnu11 -g3 -DDEBUG -DUSE_HAL_DRIVER -DSTM32F411xE -c -I../Core/Inc -I../Drivers/STM32F4xx_HAL_Driver/Inc -I../Drivers/STM32F4xx_HAL_Driver/Inc/Legacy -I../Drivers/CMSIS/Device/ST/STM32F4xx/Include -I../Drivers/CMSIS/Include -O0 -ffunction-sections -fdata-sections -Wall -fstack-usage -fcyclomatic-complexity -MMD -MP -MF"Core/Src/stm32f4xx_it.d" -MT"Core/Src/stm32f4xx_it.o" --specs=nano.specs -mfpu=fpv4-sp-d16 -mfloat-abi=hard -mthumb -o "Core/Src/stm32f4xx_it.o"
arm-none-eabi-gcc "../Core/Src/syscalls.c" -mcpu=cortex-m4 -std=gnu11 -g3 -DDEBUG -DUSE_HAL_DRIVER -DSTM32F411xE -c -I../Core/Inc -I../Drivers/STM32F4xx_HAL_Driver/Inc -I../Drivers/STM32F4xx_HAL_Driver/Inc/Legacy -I../Drivers/CMSIS/Device/ST/STM32F4xx/Include -I../Drivers/CMSIS/Include -O0 -ffunction-sections -fdata-sections -Wall -fstack-usage -fcyclomatic-complexity -MMD -MP -MF"Core/Src/syscalls.d" -MT"Core/Src/syscalls.o" --specs=nano.specs -mfpu=fpv4-sp-d16 -mfloat-abi=hard -mthumb -o "Core/Src/syscalls.o"
arm-none-eabi-gcc "../Core/Src/sysmem.c" -mcpu=cortex-m4 -std=gnu11 -g3 -DDEBUG -DUSE_HAL_DRIVER -DSTM32F411xE -c -I../Core/Inc -I../Drivers/STM32F4xx_HAL_Driver/Inc -I../Drivers/STM32F4xx_HAL_Driver/Inc/Legacy -I../Drivers/CMSIS/Device/ST/STM32F4xx/Include -I../Drivers/CMSIS/Include -O0 -ffunction-sections -fdata-sections -Wall -fstack-usage -fcyclomatic-complexity -MMD -MP -MF"Core/Src/sysmem.d" -MT"Core/Src/sysmem.o" --specs=nano.specs -mfpu=fpv4-sp-d16 -mfloat-abi=hard -mthumb -o "Core/Src/sysmem.o"
arm-none-eabi-gcc "../Core/Src/system_stm32f4xx.c" -mcpu=cortex-m4 -std=gnu11 -g3 -DDEBUG -DUSE_HAL_DRIVER -DSTM32F411xE -c -I../Core/Inc -I../Drivers/STM32F4xx_HAL_Driver/Inc -I../Drivers/STM32F4xx_HAL_Driver/Inc/Legacy -I../Drivers/CMSIS/Device/ST/STM32F4xx/Include -I../Drivers/CMSIS/Include -O0 -ffunction-sections -fdata-sections -Wall -fstack-usage -fcyclomatic-complexity -MMD -MP -MF"Core/Src/system_stm32f4xx.d" -MT"Core/Src/system_stm32f4xx.o" --specs=nano.specs -mfpu=fpv4-sp-d16 -mfloat-abi=hard -mthumb -o "Core/Src/system_stm32f4xx.o"
../Core/Src/button.c:9:29: error: 'BUTTOM_NUMBER' undeclared here (not in a function); did you mean 'BUTTON_NUMBER'?
    9 | unsigned char button_status[BUTTOM_NUMBER] =
      |                             ^~~~~~~~~~~~~
      |                             BUTTON_NUMBER
../Core/Src/button.c: In function 'button_check':
../Core/Src/button.c:38:36: error: 'GPIO' undeclared (first use in this function); did you mean 'GPIOD'?
   38 |                 HAL_GPIO_TogglePin(GPIO, GPIO_PIN_5);
      |                                    ^~~~
      |                                    GPIOD
../Core/Src/button.c:38:36: note: each undeclared identifier is reported only once for each function it appears in
../Core/Src/button.c: In function 'get_button':
../Core/Src/button.c:46:9: warning: statement with no effect [-Wunused-value]
   46 |         state HAL_GPIO_READPin(GPIOx, GPIO Pin);
      |         ^~~~~
../Core/Src/button.c:46:14: error: expected ';' before 'HAL_GPIO_READPin'
   46 |         state HAL_GPIO_READPin(GPIOx, GPIO Pin);
      |              ^~~~~~~~~~~~~~~~~
      |              ;
../Core/Src/button.c:50:9: warning: this 'if' clause does not guard... [-Wmisleading-indentation]
   50 |         if( state == BUTTON_PRESS && button_status[button_number] == BUTTON_RELEASE);
      |         ^~
../Core/Src/button.c:52:9: note: ...this statement, but the latter is misleadingly indented as if it were guarded by the 'if'
   52 |         {
      |         ^
../Core/Src/button.c:53:17: warning: implicit declaration of function 'HAL_DALAY'; did you mean 'HAL_Delay'? [-Wimplicit-function-declaration]
   53 |                 HAL_DALAY(20);
      |                 ^~~~~~~~~
      |                 HAL_Delay
make: *** [Core/Src/subdir.mk:40: Core/Src/button.o] Error 1
make: *** Waiting for unfinished jobs....
"make -j16 all" terminated with exit code 2. Build might be incomplete.
16:12:59 **** Incremental Build of configuration Debug for project 01.LED_BUTTON_CONTROL1 ****
make -j16 all 
arm-none-eabi-gcc "../Core/Src/button.c" -mcpu=cortex-m4 -std=gnu11 -g3 -DDEBUG -DUSE_HAL_DRIVER -DSTM32F411xE -c -I../Core/Inc -I../Drivers/STM32F4xx_HAL_Driver/Inc -I../Drivers/STM32F4xx_HAL_Driver/Inc/Legacy -I../Drivers/CMSIS/Device/ST/STM32F4xx/Include -I../Drivers/CMSIS/Include -O0 -ffunction-sections -fdata-sections -Wall -fstack-usage -fcyclomatic-complexity -MMD -MP -MF"Core/Src/button.d" -MT"Core/Src/button.o" --specs=nano.specs -mfpu=fpv4-sp-d16 -mfloat-abi=hard -mthumb -o "Core/Src/button.o"
../Core/Src/button.c:9:29: error: 'BUTTOM_NUMBER' undeclared here (not in a function); did you mean 'BUTTON_NUMBER'?
    9 | unsigned char button_status[BUTTOM_NUMBER] =
      |                             ^~~~~~~~~~~~~
      |                             BUTTON_NUMBER
../Core/Src/button.c: In function 'get_button':
../Core/Src/button.c:46:9: warning: statement with no effect [-Wunused-value]
   46 |         state HAL_GPIO_READPin(GPIOx, GPIO Pin);
      |         ^~~~~
../Core/Src/button.c:46:14: error: expected ';' before 'HAL_GPIO_READPin'
   46 |         state HAL_GPIO_READPin(GPIOx, GPIO Pin);
      |              ^~~~~~~~~~~~~~~~~
      |              ;
../Core/Src/button.c:50:9: warning: this 'if' clause does not guard... [-Wmisleading-indentation]
   50 |         if( state == BUTTON_PRESS && button_status[button_number] == BUTTON_RELEASE);
      |         ^~
../Core/Src/button.c:52:9: note: ...this statement, but the latter is misleadingly indented as if it were guarded by the 'if'
   52 |         {
      |         ^
../Core/Src/button.c:53:17: warning: implicit declaration of function 'HAL_DALAY'; did you mean 'HAL_Delay'? [-Wimplicit-function-declaration]
   53 |                 HAL_DALAY(20);
      |                 ^~~~~~~~~
      |                 HAL_Delay
make: *** [Core/Src/subdir.mk:40: Core/Src/button.o] Error 1
"make -j16 all" terminated with exit code 2. Build might be incomplete.
16:13:13 **** Incremental Build of configuration Debug for project 01.LED_BUTTON_CONTROL1 ****
make -j16 all 
arm-none-eabi-gcc "../Core/Src/button.c" -mcpu=cortex-m4 -std=gnu11 -g3 -DDEBUG -DUSE_HAL_DRIVER -DSTM32F411xE -c -I../Core/Inc -I../Drivers/STM32F4xx_HAL_Driver/Inc -I../Drivers/STM32F4xx_HAL_Driver/Inc/Legacy -I../Drivers/CMSIS/Device/ST/STM32F4xx/Include -I../Drivers/CMSIS/Include -O0 -ffunction-sections -fdata-sections -Wall -fstack-usage -fcyclomatic-complexity -MMD -MP -MF"Core/Src/button.d" -MT"Core/Src/button.o" --specs=nano.specs -mfpu=fpv4-sp-d16 -mfloat-abi=hard -mthumb -o "Core/Src/button.o"
../Core/Src/button.c: In function 'get_button':
../Core/Src/button.c:46:9: warning: statement with no effect [-Wunused-value]
   46 |         state HAL_GPIO_READPin(GPIOx, GPIO Pin);
      |         ^~~~~
../Core/Src/button.c:46:14: error: expected ';' before 'HAL_GPIO_READPin'
   46 |         state HAL_GPIO_READPin(GPIOx, GPIO Pin);
      |              ^~~~~~~~~~~~~~~~~
      |              ;
../Core/Src/button.c:50:9: warning: this 'if' clause does not guard... [-Wmisleading-indentation]
   50 |         if( state == BUTTON_PRESS && button_status[button_number] == BUTTON_RELEASE);
      |         ^~
../Core/Src/button.c:52:9: note: ...this statement, but the latter is misleadingly indented as if it were guarded by the 'if'
   52 |         {
      |         ^
../Core/Src/button.c:53:17: warning: implicit declaration of function 'HAL_DALAY'; did you mean 'HAL_Delay'? [-Wimplicit-function-declaration]
   53 |                 HAL_DALAY(20);
      |                 ^~~~~~~~~
      |                 HAL_Delay
make: *** [Core/Src/subdir.mk:40: Core/Src/button.o] Error 1
"make -j16 all" terminated with exit code 2. Build might be incomplete.
16:13:59 **** Incremental Build of configuration Debug for project 01.LED_BUTTON_CONTROL1 ****
make -j16 all 
arm-none-eabi-gcc "../Core/Src/button.c" -mcpu=cortex-m4 -std=gnu11 -g3 -DDEBUG -DUSE_HAL_DRIVER -DSTM32F411xE -c -I../Core/Inc -I../Drivers/STM32F4xx_HAL_Driver/Inc -I../Drivers/STM32F4xx_HAL_Driver/Inc/Legacy -I../Drivers/CMSIS/Device/ST/STM32F4xx/Include -I../Drivers/CMSIS/Include -O0 -ffunction-sections -fdata-sections -Wall -fstack-usage -fcyclomatic-complexity -MMD -MP -MF"Core/Src/button.d" -MT"Core/Src/button.o" --specs=nano.specs -mfpu=fpv4-sp-d16 -mfloat-abi=hard -mthumb -o "Core/Src/button.o"
../Core/Src/button.c: In function 'get_button':
../Core/Src/button.c:46:9: warning: statement with no effect [-Wunused-value]
   46 |         state HAL_GPIO_READPin(GPIOx, GPIO Pin);
      |         ^~~~~
../Core/Src/button.c:46:14: error: expected ';' before 'HAL_GPIO_READPin'
   46 |         state HAL_GPIO_READPin(GPIOx, GPIO Pin);
      |              ^~~~~~~~~~~~~~~~~
      |              ;
../Core/Src/button.c:53:17: warning: implicit declaration of function 'HAL_DALAY'; did you mean 'HAL_Delay'? [-Wimplicit-function-declaration]
   53 |                 HAL_DALAY(20);
      |                 ^~~~~~~~~
      |                 HAL_Delay
make: *** [Core/Src/subdir.mk:40: Core/Src/button.o] Error 1
"make -j16 all" terminated with exit code 2. Build might be incomplete.
16:14:46 **** Incremental Build of configuration Debug for project 01.LED_BUTTON_CONTROL1 ****
make -j16 all 
arm-none-eabi-gcc "../Core/Src/button.c" -mcpu=cortex-m4 -std=gnu11 -g3 -DDEBUG -DUSE_HAL_DRIVER -DSTM32F411xE -c -I../Core/Inc -I../Drivers/STM32F4xx_HAL_Driver/Inc -I../Drivers/STM32F4xx_HAL_Driver/Inc/Legacy -I../Drivers/CMSIS/Device/ST/STM32F4xx/Include -I../Drivers/CMSIS/Include -O0 -ffunction-sections -fdata-sections -Wall -fstack-usage -fcyclomatic-complexity -MMD -MP -MF"Core/Src/button.d" -MT"Core/Src/button.o" --specs=nano.specs -mfpu=fpv4-sp-d16 -mfloat-abi=hard -mthumb -o "Core/Src/button.o"
../Core/Src/button.c: In function 'get_button':
../Core/Src/button.c:46:9: warning: statement with no effect [-Wunused-value]
   46 |         state HAL_GPIO_READPin(GPIOx, GPIO Pin)
      |         ^~~~~
../Core/Src/button.c:46:14: error: expected ';' before 'HAL_GPIO_READPin'
   46 |         state HAL_GPIO_READPin(GPIOx, GPIO Pin)
      |              ^~~~~~~~~~~~~~~~~
      |              ;
../Core/Src/button.c:60:1: warning: control reaches end of non-void function [-Wreturn-type]
   60 | }
      | ^
make: *** [Core/Src/subdir.mk:40: Core/Src/button.o] Error 1
"make -j16 all" terminated with exit code 2. Build might be incomplete.
16:14:49 **** Incremental Build of configuration Debug for project 01.LED_BUTTON_CONTROL1 ****
make -j16 all 
arm-none-eabi-gcc "../Core/Src/button.c" -mcpu=cortex-m4 -std=gnu11 -g3 -DDEBUG -DUSE_HAL_DRIVER -DSTM32F411xE -c -I../Core/Inc -I../Drivers/STM32F4xx_HAL_Driver/Inc -I../Drivers/STM32F4xx_HAL_Driver/Inc/Legacy -I../Drivers/CMSIS/Device/ST/STM32F4xx/Include -I../Drivers/CMSIS/Include -O0 -ffunction-sections -fdata-sections -Wall -fstack-usage -fcyclomatic-complexity -MMD -MP -MF"Core/Src/button.d" -MT"Core/Src/button.o" --specs=nano.specs -mfpu=fpv4-sp-d16 -mfloat-abi=hard -mthumb -o "Core/Src/button.o"
../Core/Src/button.c: In function 'get_button':
../Core/Src/button.c:46:9: warning: statement with no effect [-Wunused-value]
   46 |         state HAL_GPIO_READPin(GPIOx, GPIO Pin)
      |         ^~~~~
../Core/Src/button.c:46:14: error: expected ';' before 'HAL_GPIO_READPin'
   46 |         state HAL_GPIO_READPin(GPIOx, GPIO Pin)
      |              ^~~~~~~~~~~~~~~~~
      |              ;
../Core/Src/button.c:60:1: warning: control reaches end of non-void function [-Wreturn-type]
   60 | }
      | ^
make: *** [Core/Src/subdir.mk:40: Core/Src/button.o] Error 1
"make -j16 all" terminated with exit code 2. Build might be incomplete.
16:15:56 **** Incremental Build of configuration Debug for project 01.LED_BUTTON_CONTROL1 ****
make -j16 all 
arm-none-eabi-gcc "../Core/Src/button.c" -mcpu=cortex-m4 -std=gnu11 -g3 -DDEBUG -DUSE_HAL_DRIVER -DSTM32F411xE -c -I../Core/Inc -I../Drivers/STM32F4xx_HAL_Driver/Inc -I../Drivers/STM32F4xx_HAL_Driver/Inc/Legacy -I../Drivers/CMSIS/Device/ST/STM32F4xx/Include -I../Drivers/CMSIS/Include -O0 -ffunction-sections -fdata-sections -Wall -fstack-usage -fcyclomatic-complexity -MMD -MP -MF"Core/Src/button.d" -MT"Core/Src/button.o" --specs=nano.specs -mfpu=fpv4-sp-d16 -mfloat-abi=hard -mthumb -o "Core/Src/button.o"
../Core/Src/button.c: In function 'get_button':
../Core/Src/button.c:46:9: warning: statement with no effect [-Wunused-value]
   46 |         state HAL_GPIO_READPin(GPIOx, GPIO_Pin);
      |         ^~~~~
../Core/Src/button.c:46:14: error: expected ';' before 'HAL_GPIO_READPin'
   46 |         state HAL_GPIO_READPin(GPIOx, GPIO_Pin);
      |              ^~~~~~~~~~~~~~~~~
      |              ;
../Core/Src/button.c:53:17: warning: implicit declaration of function 'HAL_DALAY'; did you mean 'HAL_Delay'? [-Wimplicit-function-declaration]
   53 |                 HAL_DALAY(20);
      |                 ^~~~~~~~~
      |                 HAL_Delay
make: *** [Core/Src/subdir.mk:40: Core/Src/button.o] Error 1
"make -j16 all" terminated with exit code 2. Build might be incomplete.
16:16:15 **** Incremental Build of configuration Debug for project 01.LED_BUTTON_CONTROL1 ****
make -j16 all 
arm-none-eabi-gcc "../Core/Src/button.c" -mcpu=cortex-m4 -std=gnu11 -g3 -DDEBUG -DUSE_HAL_DRIVER -DSTM32F411xE -c -I../Core/Inc -I../Drivers/STM32F4xx_HAL_Driver/Inc -I../Drivers/STM32F4xx_HAL_Driver/Inc/Legacy -I../Drivers/CMSIS/Device/ST/STM32F4xx/Include -I../Drivers/CMSIS/Include -O0 -ffunction-sections -fdata-sections -Wall -fstack-usage -fcyclomatic-complexity -MMD -MP -MF"Core/Src/button.d" -MT"Core/Src/button.o" --specs=nano.specs -mfpu=fpv4-sp-d16 -mfloat-abi=hard -mthumb -o "Core/Src/button.o"
../Core/Src/button.c: In function 'get_button':
../Core/Src/button.c:46:17: warning: implicit declaration of function 'HAL_GPIO_READPin'; did you mean 'HAL_GPIO_ReadPin'? [-Wimplicit-function-declaration]
   46 |         state = HAL_GPIO_READPin(GPIOx, GPIO_Pin);
      |                 ^~~~~~~~~~~~~~~~
      |                 HAL_GPIO_ReadPin
../Core/Src/button.c:53:17: warning: implicit declaration of function 'HAL_DALAY'; did you mean 'HAL_Delay'? [-Wimplicit-function-declaration]
   53 |                 HAL_DALAY(20);
      |                 ^~~~~~~~~
      |                 HAL_Delay
arm-none-eabi-gcc -o "01.LED_BUTTON_CONTROL1.elf" @"objects.list"   -mcpu=cortex-m4 -T"D:\project\STM32F411RETx\01.LED_BUTTON_CONTROL1\STM32F411RETX_FLASH.ld" --specs=nosys.specs -Wl,-Map="01.LED_BUTTON_CONTROL1.map" -Wl,--gc-sections -static --specs=nano.specs -mfpu=fpv4-sp-d16 -mfloat-abi=hard -mthumb -Wl,--start-group -lc -lm -Wl,--end-group
Finished building target: 01.LED_BUTTON_CONTROL1.elf
 
arm-none-eabi-size  01.LED_BUTTON_CONTROL1.elf 
arm-none-eabi-objdump -h -S 01.LED_BUTTON_CONTROL1.elf  > "01.LED_BUTTON_CONTROL1.list"
   text	   data	    bss	    dec	    hex	filename
   8052	     12	   1644	   9708	   25ec	01.LED_BUTTON_CONTROL1.elf
Finished building: default.size.stdout
 
Finished building: 01.LED_BUTTON_CONTROL1.list
 
16:17:16 **** Incremental Build of configuration Debug for project 01.LED_BUTTON_CONTROL1 ****
make -j16 all 
arm-none-eabi-gcc "../Core/Src/led.c" -mcpu=cortex-m4 -std=gnu11 -g3 -DDEBUG -DUSE_HAL_DRIVER -DSTM32F411xE -c -I../Core/Inc -I../Drivers/STM32F4xx_HAL_Driver/Inc -I../Drivers/STM32F4xx_HAL_Driver/Inc/Legacy -I../Drivers/CMSIS/Device/ST/STM32F4xx/Include -I../Drivers/CMSIS/Include -O0 -ffunction-sections -fdata-sections -Wall -fstack-usage -fcyclomatic-complexity -MMD -MP -MF"Core/Src/led.d" -MT"Core/Src/led.o" --specs=nano.specs -mfpu=fpv4-sp-d16 -mfloat-abi=hard -mthumb -o "Core/Src/led.o"
../Core/Src/led.c: In function 'led_main':
../Core/Src/led.c:110:27: warning: implicit declaration of function 'button_check' [-Wimplicit-function-declaration]
  110 |                           button_check();
      |                           ^~~~~~~~~~~~
arm-none-eabi-gcc -o "01.LED_BUTTON_CONTROL1.elf" @"objects.list"   -mcpu=cortex-m4 -T"D:\project\STM32F411RETx\01.LED_BUTTON_CONTROL1\STM32F411RETX_FLASH.ld" --specs=nosys.specs -Wl,-Map="01.LED_BUTTON_CONTROL1.map" -Wl,--gc-sections -static --specs=nano.specs -mfpu=fpv4-sp-d16 -mfloat-abi=hard -mthumb -Wl,--start-group -lc -lm -Wl,--end-group
C:/ST/STM32CubeIDE_1.15.0/STM32CubeIDE/plugins/com.st.stm32cube.ide.mcu.externaltools.gnu-tools-for-stm32.12.3.rel1.win32_1.0.100.202403111256/tools/bin/../lib/gcc/arm-none-eabi/12.3.1/../../../../arm-none-eabi/bin/ld.exe: ./Core/Src/button.o: in function `get_button':
D:/project/STM32F411RETx/01.LED_BUTTON_CONTROL1/Debug/../Core/Src/button.c:46: undefined reference to `HAL_GPIO_READPin'
C:/ST/STM32CubeIDE_1.15.0/STM32CubeIDE/plugins/com.st.stm32cube.ide.mcu.externaltools.gnu-tools-for-stm32.12.3.rel1.win32_1.0.100.202403111256/tools/bin/../lib/gcc/arm-none-eabi/12.3.1/../../../../arm-none-eabi/bin/ld.exe: D:/project/STM32F411RETx/01.LED_BUTTON_CONTROL1/Debug/../Core/Src/button.c:53: undefined reference to `HAL_DALAY'
collect2.exe: error: ld returned 1 exit status
make: *** [makefile:64: 01.LED_BUTTON_CONTROL1.elf] Error 1
"make -j16 all" terminated with exit code 2. Build might be incomplete.
16:18:49 **** Incremental Build of configuration Debug for project 01.LED_BUTTON_CONTROL1 ****
make -j16 all 
arm-none-eabi-gcc "../Core/Src/led.c" -mcpu=cortex-m4 -std=gnu11 -g3 -DDEBUG -DUSE_HAL_DRIVER -DSTM32F411xE -c -I../Core/Inc -I../Drivers/STM32F4xx_HAL_Driver/Inc -I../Drivers/STM32F4xx_HAL_Driver/Inc/Legacy -I../Drivers/CMSIS/Device/ST/STM32F4xx/Include -I../Drivers/CMSIS/Include -O0 -ffunction-sections -fdata-sections -Wall -fstack-usage -fcyclomatic-complexity -MMD -MP -MF"Core/Src/led.d" -MT"Core/Src/led.o" --specs=nano.specs -mfpu=fpv4-sp-d16 -mfloat-abi=hard -mthumb -o "Core/Src/led.o"
arm-none-eabi-gcc -o "01.LED_BUTTON_CONTROL1.elf" @"objects.list"   -mcpu=cortex-m4 -T"D:\project\STM32F411RETx\01.LED_BUTTON_CONTROL1\STM32F411RETX_FLASH.ld" --specs=nosys.specs -Wl,-Map="01.LED_BUTTON_CONTROL1.map" -Wl,--gc-sections -static --specs=nano.specs -mfpu=fpv4-sp-d16 -mfloat-abi=hard -mthumb -Wl,--start-group -lc -lm -Wl,--end-group
C:/ST/STM32CubeIDE_1.15.0/STM32CubeIDE/plugins/com.st.stm32cube.ide.mcu.externaltools.gnu-tools-for-stm32.12.3.rel1.win32_1.0.100.202403111256/tools/bin/../lib/gcc/arm-none-eabi/12.3.1/../../../../arm-none-eabi/bin/ld.exe: ./Core/Src/button.o: in function `get_button':
D:/project/STM32F411RETx/01.LED_BUTTON_CONTROL1/Debug/../Core/Src/button.c:46: undefined reference to `HAL_GPIO_READPin'
C:/ST/STM32CubeIDE_1.15.0/STM32CubeIDE/plugins/com.st.stm32cube.ide.mcu.externaltools.gnu-tools-for-stm32.12.3.rel1.win32_1.0.100.202403111256/tools/bin/../lib/gcc/arm-none-eabi/12.3.1/../../../../arm-none-eabi/bin/ld.exe: D:/project/STM32F411RETx/01.LED_BUTTON_CONTROL1/Debug/../Core/Src/button.c:53: undefined reference to `HAL_DALAY'
collect2.exe: error: ld returned 1 exit status
make: *** [makefile:64: 01.LED_BUTTON_CONTROL1.elf] Error 1
"make -j16 all" terminated with exit code 2. Build might be incomplete.
16:19:20 **** Incremental Build of configuration Debug for project 01.LED_BUTTON_CONTROL1 ****
make -j16 all 
[...]
Finished building target: 03.MY_DS1302.elf
 
arm-none-eabi-size  03.MY_DS1302.elf 
arm-none-eabi-objdump -h -S 03.MY_DS1302.elf  > "03.MY_DS1302.list"
   text	   data	    bss	    dec	    hex	filename
  21492	    140	   2972	  24604	   601c	03.MY_DS1302.elf
Finished building: default.size.stdout
 
Finished building: 03.MY_DS1302.list
 
18:50:29 **** Incremental Build of configuration Debug for project 03.MY_DS1302 ****
make -j16 all 
arm-none-eabi-gcc "../Core/Src/main.c" -mcpu=cortex-m4 -std=gnu11 -g3 -DDEBUG -DUSE_HAL_DRIVER -DSTM32F411xE -c -I../Core/Inc -I../Drivers/STM32F4xx_HAL_Driver/Inc -I../Drivers/STM32F4xx_HAL_Driver/Inc/Legacy -I../Drivers/CMSIS/Device/ST/STM32F4xx/Include -I../Drivers/CMSIS/Include -O0 -ffunction-sections -fdata-sections -Wall -fstack-usage -fcyclomatic-complexity -MMD -MP -MF"Core/Src/main.d" -MT"Core/Src/main.o" --specs=nano.specs -mfpu=fpv4-sp-d16 -mfloat-abi=hard -mthumb -o "Core/Src/main.o"
arm-none-eabi-gcc -o "03.MY_DS1302.elf" @"objects.list"   -mcpu=cortex-m4 -T"D:\project\STM32F411RETx\03.MY_DS1302\STM32F411RETX_FLASH.ld" --specs=nosys.specs -Wl,-Map="03.MY_DS1302.map" -Wl,--gc-sections -static --specs=nano.specs -mfpu=fpv4-sp-d16 -mfloat-abi=hard -mthumb -Wl,--start-group -lc -lm -Wl,--end-group
Finished building target: 03.MY_DS1302.elf
 
arm-none-eabi-size  03.MY_DS1302.elf 
arm-none-eabi-objdump -h -S 03.MY_DS1302.elf  > "03.MY_DS1302.list"
   text	   data	    bss	    dec	    hex	filename
  21492	    140	   2972	  24604	   601c	03.MY_DS1302.elf
Finished building: default.size.stdout
 
Finished building: 03.MY_DS1302.list
 
18:51:27 **** Incremental Build of configuration Debug for project 03.MY_DS1302 ****
make -j16 all 
arm-none-eabi-gcc "../Core/Src/main.c" -mcpu=cortex-m4 -std=gnu11 -g3 -DDEBUG -DUSE_HAL_DRIVER -DSTM32F411xE -c -I../Core/Inc -I../Drivers/STM32F4xx_HAL_Driver/Inc -I../Drivers/STM32F4xx_HAL_Driver/Inc/Legacy -I../Drivers/CMSIS/Device/ST/STM32F4xx/Include -I../Drivers/CMSIS/Include -O0 -ffunction-sections -fdata-sections -Wall -fstack-usage -fcyclomatic-complexity -MMD -MP -MF"Core/Src/main.d" -MT"Core/Src/main.o" --specs=nano.specs -mfpu=fpv4-sp-d16 -mfloat-abi=hard -mthumb -o "Core/Src/main.o"
arm-none-eabi-gcc -o "03.MY_DS1302.elf" @"objects.list"   -mcpu=cortex-m4 -T"D:\project\STM32F411RETx\03.MY_DS1302\STM32F411RETX_FLASH.ld" --specs=nosys.specs -Wl,-Map="03.MY_DS1302.map" -Wl,--gc-sections -static --specs=nano.specs -mfpu=fpv4-sp-d16 -mfloat-abi=hard -mthumb -Wl,--start-group -lc -lm -Wl,--end-group
Finished building target: 03.MY_DS1302.elf
 
arm-none-eabi-size  03.MY_DS1302.elf 
arm-none-eabi-objdump -h -S 03.MY_DS1302.elf  > "03.MY_DS1302.list"
   text	   data	    bss	    dec	    hex	filename
  20668	    104	   2952	  23724	   5cac	03.MY_DS1302.elf
Finished building: default.size.stdout
 
Finished building: 03.MY_DS1302.list
 
19:00:36 **** Incremental Build of configuration Debug for project 03.MY_DS1302 ****
make -j16 all 
arm-none-eabi-gcc "../Core/Src/ds1302.c" -mcpu=cortex-m4 -std=gnu11 -g3 -DDEBUG -DUSE_HAL_DRIVER -DSTM32F411xE -c -I../Core/Inc -I../Drivers/STM32F4xx_HAL_Driver/Inc -I../Drivers/STM32F4xx_HAL_Driver/Inc/Legacy -I../Drivers/CMSIS/Device/ST/STM32F4xx/Include -I../Drivers/CMSIS/Include -O0 -ffunction-sections -fdata-sections -Wall -fstack-usage -fcyclomatic-complexity -MMD -MP -MF"Core/Src/ds1302.d" -MT"Core/Src/ds1302.o" --specs=nano.specs -mfpu=fpv4-sp-d16 -mfloat-abi=hard -mthumb -o "Core/Src/ds1302.o"
arm-none-eabi-gcc "../Core/Src/main.c" -mcpu=cortex-m4 -std=gnu11 -g3 -DDEBUG -DUSE_HAL_DRIVER -DSTM32F411xE -c -I../Core/Inc -I../Drivers/STM32F4xx_HAL_Driver/Inc -I../Drivers/STM32F4xx_HAL_Driver/Inc/Legacy -I../Drivers/CMSIS/Device/ST/STM32F4xx/Include -I../Drivers/CMSIS/Include -O0 -ffunction-sections -fdata-sections -Wall -fstack-usage -fcyclomatic-complexity -MMD -MP -MF"Core/Src/main.d" -MT"Core/Src/main.o" --specs=nano.specs -mfpu=fpv4-sp-d16 -mfloat-abi=hard -mthumb -o "Core/Src/main.o"
arm-none-eabi-gcc "../Core/Src/uart2.c" -mcpu=cortex-m4 -std=gnu11 -g3 -DDEBUG -DUSE_HAL_DRIVER -DSTM32F411xE -c -I../Core/Inc -I../Drivers/STM32F4xx_HAL_Driver/Inc -I../Drivers/STM32F4xx_HAL_Driver/Inc/Legacy -I../Drivers/CMSIS/Device/ST/STM32F4xx/Include -I../Drivers/CMSIS/Include -O0 -ffunction-sections -fdata-sections -Wall -fstack-usage -fcyclomatic-complexity -MMD -MP -MF"Core/Src/uart2.d" -MT"Core/Src/uart2.o" --specs=nano.specs -mfpu=fpv4-sp-d16 -mfloat-abi=hard -mthumb -o "Core/Src/uart2.o"
../Core/Src/uart2.c: In function 'pc_command_processing':
../Core/Src/uart2.c:50:29: warning: passing argument 1 of 'strncmp' discards 'volatile' qualifier from pointer target type [-Wdiscarded-qualifiers]
   50 |         if(strncmp(rx_buffer[output_index], "led_all_on", strlen("led_all_on"))==0)
      |                    ~~~~~~~~~^~~~~~~~~~~~~~
In file included from ../Core/Src/uart2.c:3:
C:\ST\STM32CubeIDE_1.15.0\STM32CubeIDE\plugins\com.st.stm32cube.ide.mcu.externaltools.gnu-tools-for-stm32.12.3.rel1.win32_1.0.100.202403111256\tools\bin/../lib/gcc/arm-none-eabi/12.3.1/../../../../arm-none-eabi/include/string.h:43:19: note: expected 'const char *' but argument is of type 'volatile char *'
   43 | int      strncmp (const char *, const char *, size_t);
      |                   ^~~~~~~~~~~~
../Core/Src/uart2.c:54:34: warning: passing argument 1 of 'strncmp' discards 'volatile' qualifier from pointer target type [-Wdiscarded-qualifiers]
   54 |         else if(strncmp(rx_buffer[output_index], "led_all_off", strlen("led_all_off"))==0)
      |                         ~~~~~~~~~^~~~~~~~~~~~~~
C:\ST\STM32CubeIDE_1.15.0\STM32CubeIDE\plugins\com.st.stm32cube.ide.mcu.externaltools.gnu-tools-for-stm32.12.3.rel1.win32_1.0.100.202403111256\tools\bin/../lib/gcc/arm-none-eabi/12.3.1/../../../../arm-none-eabi/include/string.h:43:19: note: expected 'const char *' but argument is of type 'volatile char *'
   43 | int      strncmp (const char *, const char *, size_t);
      |                   ^~~~~~~~~~~~
../Core/Src/uart2.c:58:34: warning: passing argument 1 of 'strncmp' discards 'volatile' qualifier from pointer target type [-Wdiscarded-qualifiers]
   58 |         else if(strncmp(rx_buffer[output_index], "led_up_on", strlen("led_up_on"))==0)
      |                         ~~~~~~~~~^~~~~~~~~~~~~~
C:\ST\STM32CubeIDE_1.15.0\STM32CubeIDE\plugins\com.st.stm32cube.ide.mcu.externaltools.gnu-tools-for-stm32.12.3.rel1.win32_1.0.100.202403111256\tools\bin/../lib/gcc/arm-none-eabi/12.3.1/../../../../arm-none-eabi/include/string.h:43:19: note: expected 'const char *' but argument is of type 'volatile char *'
   43 | int      strncmp (const char *, const char *, size_t);
      |                   ^~~~~~~~~~~~
../Core/Src/uart2.c:62:34: warning: passing argument 1 of 'strncmp' discards 'volatile' qualifier from pointer target type [-Wdiscarded-qualifiers]
   62 |         else if(strncmp(rx_buffer[output_index], "led_down_off", strlen("led_down_off"))==0)
      |                         ~~~~~~~~~^~~~~~~~~~~~~~
C:\ST\STM32CubeIDE_1.15.0\STM32CubeIDE\plugins\com.st.stm32cube.ide.mcu.externaltools.gnu-tools-for-stm32.12.3.rel1.win32_1.0.100.202403111256\tools\bin/../lib/gcc/arm-none-eabi/12.3.1/../../../../arm-none-eabi/include/string.h:43:19: note: expected 'const char *' but argument is of type 'volatile char *'
   43 | int      strncmp (const char *, const char *, size_t);
      |                   ^~~~~~~~~~~~
../Core/Src/uart2.c:66:34: warning: passing argument 1 of 'strncmp' discards 'volatile' qualifier from pointer target type [-Wdiscarded-qualifiers]
   66 |         else if(strncmp(rx_buffer[output_index], "led_flower_on", strlen("led_flower_on"))==0)
      |                         ~~~~~~~~~^~~~~~~~~~~~~~
C:\ST\STM32CubeIDE_1.15.0\STM32CubeIDE\plugins\com.st.stm32cube.ide.mcu.externaltools.gnu-tools-for-stm32.12.3.rel1.win32_1.0.100.202403111256\tools\bin/../lib/gcc/arm-none-eabi/12.3.1/../../../../arm-none-eabi/include/string.h:43:19: note: expected 'const char *' but argument is of type 'volatile char *'
   43 | int      strncmp (const char *, const char *, size_t);
      |                   ^~~~~~~~~~~~
../Core/Src/uart2.c:70:34: warning: passing argument 1 of 'strncmp' discards 'volatile' qualifier from pointer target type [-Wdiscarded-qualifiers]
   70 |         else if(strncmp(rx_buffer[output_index], "led_flower_off", strlen("led_flower_off"))==0)
      |                         ~~~~~~~~~^~~~~~~~~~~~~~
C:\ST\STM32CubeIDE_1.15.0\STM32CubeIDE\plugins\com.st.stm32cube.ide.mcu.externaltools.gnu-tools-for-stm32.12.3.rel1.win32_1.0.100.202403111256\tools\bin/../lib/gcc/arm-none-eabi/12.3.1/../../../../arm-none-eabi/include/string.h:43:19: note: expected 'const char *' but argument is of type 'volatile char *'
   43 | int      strncmp (const char *, const char *, size_t);
      |                   ^~~~~~~~~~~~
../Core/Src/uart2.c:74:34: warning: passing argument 1 of 'strncmp' discards 'volatile' qualifier from pointer target type [-Wdiscarded-qualifiers]
   74 |         else if(strncmp(rx_buffer[output_index], "setrtc", 6) == 0)
      |                         ~~~~~~~~~^~~~~~~~~~~~~~
C:\ST\STM32CubeIDE_1.15.0\STM32CubeIDE\plugins\com.st.stm32cube.ide.mcu.externaltools.gnu-tools-for-stm32.12.3.rel1.win32_1.0.100.202403111256\tools\bin/../lib/gcc/arm-none-eabi/12.3.1/../../../../arm-none-eabi/include/string.h:43:19: note: expected 'const char *' but argument is of type 'volatile char *'
   43 | int      strncmp (const char *, const char *, size_t);
      |                   ^~~~~~~~~~~~
arm-none-eabi-gcc -o "03.MY_DS1302.elf" @"objects.list"   -mcpu=cortex-m4 -T"D:\project\STM32F411RETx\03.MY_DS1302\STM32F411RETX_FLASH.ld" --specs=nosys.specs -Wl,-Map="03.MY_DS1302.map" -Wl,--gc-sections -static --specs=nano.specs -mfpu=fpv4-sp-d16 -mfloat-abi=hard -mthumb -Wl,--start-group -lc -lm -Wl,--end-group
Finished building target: 03.MY_DS1302.elf
 
arm-none-eabi-size  03.MY_DS1302.elf 
arm-none-eabi-objdump -h -S 03.MY_DS1302.elf  > "03.MY_DS1302.list"
   text	   data	    bss	    dec	    hex	filename
  20540	    104	   2952	  23596	   5c2c	03.MY_DS1302.elf
Finished building: default.size.stdout
 
Finished building: 03.MY_DS1302.list
 
10:23:26 **** Incremental Build of configuration Debug for project 03.MY_DS1302 ****
make -j16 all 
arm-none-eabi-gcc "../Core/Src/ds1302.c" -mcpu=cortex-m4 -std=gnu11 -g3 -DDEBUG -DUSE_HAL_DRIVER -DSTM32F411xE -c -I../Core/Inc -I../Drivers/STM32F4xx_HAL_Driver/Inc -I../Drivers/STM32F4xx_HAL_Driver/Inc/Legacy -I../Drivers/CMSIS/Device/ST/STM32F4xx/Include -I../Drivers/CMSIS/Include -O0 -ffunction-sections -fdata-sections -Wall -fstack-usage -fcyclomatic-complexity -MMD -MP -MF"Core/Src/ds1302.d" -MT"Core/Src/ds1302.o" --specs=nano.specs -mfpu=fpv4-sp-d16 -mfloat-abi=hard -mthumb -o "Core/Src/ds1302.o"
arm-none-eabi-gcc "../Core/Src/main.c" -mcpu=cortex-m4 -std=gnu11 -g3 -DDEBUG -DUSE_HAL_DRIVER -DSTM32F411xE -c -I../Core/Inc -I../Drivers/STM32F4xx_HAL_Driver/Inc -I../Drivers/STM32F4xx_HAL_Driver/Inc/Legacy -I../Drivers/CMSIS/Device/ST/STM32F4xx/Include -I../Drivers/CMSIS/Include -O0 -ffunction-sections -fdata-sections -Wall -fstack-usage -fcyclomatic-complexity -MMD -MP -MF"Core/Src/main.d" -MT"Core/Src/main.o" --specs=nano.specs -mfpu=fpv4-sp-d16 -mfloat-abi=hard -mthumb -o "Core/Src/main.o"
../Core/Src/main.c: In function 'main':
../Core/Src/main.c:121:7: warning: implicit declaration of function 'DS1302_CheckAndPrint' [-Wimplicit-function-declaration]
  121 |       DS1302_CheckAndPrint();
      |       ^~~~~~~~~~~~~~~~~~~~
arm-none-eabi-gcc -o "03.MY_DS1302.elf" @"objects.list"   -mcpu=cortex-m4 -T"D:\project\STM32F411RETx\03.MY_DS1302\STM32F411RETX_FLASH.ld" --specs=nosys.specs -Wl,-Map="03.MY_DS1302.map" -Wl,--gc-sections -static --specs=nano.specs -mfpu=fpv4-sp-d16 -mfloat-abi=hard -mthumb -Wl,--start-group -lc -lm -Wl,--end-group
C:/ST/STM32CubeIDE_1.15.0/STM32CubeIDE/plugins/com.st.stm32cube.ide.mcu.externaltools.gnu-tools-for-stm32.12.3.rel1.win32_1.0.100.202403111256/tools/bin/../lib/gcc/arm-none-eabi/12.3.1/../../../../arm-none-eabi/bin/ld.exe: ./Core/Src/main.o: in function `main':
D:/project/STM32F411RETx/03.MY_DS1302/Debug/../Core/Src/main.c:121: undefined reference to `DS1302_CheckAndPrint'
C:/ST/STM32CubeIDE_1.15.0/STM32CubeIDE/plugins/com.st.stm32cube.ide.mcu.externaltools.gnu-tools-for-stm32.12.3.rel1.win32_1.0.100.202403111256/tools/bin/../lib/gcc/arm-none-eabi/12.3.1/../../../../arm-none-eabi/bin/ld.exe: ./Core/Src/uart2.o: in function `pc_command_processing':
D:/project/STM32F411RETx/03.MY_DS1302/Debug/../Core/Src/uart2.c:76: undefined reference to `DS1302_SetTimeFromStr'
collect2.exe: error: ld returned 1 exit status
make: *** [makefile:64: 03.MY_DS1302.elf] Error 1
"make -j16 all" terminated with exit code 2. Build might be incomplete.
10:24:03 **** Incremental Build of configuration Debug for project 03.MY_DS1302 ****
make -j16 all 
arm-none-eabi-gcc "../Core/Src/main.c" -mcpu=cortex-m4 -std=gnu11 -g3 -DDEBUG -DUSE_HAL_DRIVER -DSTM32F411xE -c -I../Core/Inc -I../Drivers/STM32F4xx_HAL_Driver/Inc -I../Drivers/STM32F4xx_HAL_Driver/Inc/Legacy -I../Drivers/CMSIS/Device/ST/STM32F4xx/Include -I../Drivers/CMSIS/Include -O0 -ffunction-sections -fdata-sections -Wall -fstack-usage -fcyclomatic-complexity -MMD -MP -MF"Core/Src/main.d" -MT"Core/Src/main.o" --specs=nano.specs -mfpu=fpv4-sp-d16 -mfloat-abi=hard -mthumb -o "Core/Src/main.o"
arm-none-eabi-gcc "../Core/Src/uart2.c" -mcpu=cortex-m4 -std=gnu11 -g3 -DDEBUG -DUSE_HAL_DRIVER -DSTM32F411xE -c -I../Core/Inc -I../Drivers/STM32F4xx_HAL_Driver/Inc -I../Drivers/STM32F4xx_HAL_Driver/Inc/Legacy -I../Drivers/CMSIS/Device/ST/STM32F4xx/Include -I../Drivers/CMSIS/Include -O0 -ffunction-sections -fdata-sections -Wall -fstack-usage -fcyclomatic-complexity -MMD -MP -MF"Core/Src/uart2.d" -MT"Core/Src/uart2.o" --specs=nano.specs -mfpu=fpv4-sp-d16 -mfloat-abi=hard -mthumb -o "Core/Src/uart2.o"
../Core/Src/uart2.c: In function 'pc_command_processing':
../Core/Src/uart2.c:50:29: warning: passing argument 1 of 'strncmp' discards 'volatile' qualifier from pointer target type [-Wdiscarded-qualifiers]
   50 |         if(strncmp(rx_buffer[output_index], "led_all_on", strlen("led_all_on"))==0)
      |                    ~~~~~~~~~^~~~~~~~~~~~~~
In file included from ../Core/Src/uart2.c:3:
C:\ST\STM32CubeIDE_1.15.0\STM32CubeIDE\plugins\com.st.stm32cube.ide.mcu.externaltools.gnu-tools-for-stm32.12.3.rel1.win32_1.0.100.202403111256\tools\bin/../lib/gcc/arm-none-eabi/12.3.1/../../../../arm-none-eabi/include/string.h:43:19: note: expected 'const char *' but argument is of type 'volatile char *'
   43 | int      strncmp (const char *, const char *, size_t);
      |                   ^~~~~~~~~~~~
../Core/Src/uart2.c:54:34: warning: passing argument 1 of 'strncmp' discards 'volatile' qualifier from pointer target type [-Wdiscarded-qualifiers]
   54 |         else if(strncmp(rx_buffer[output_index], "led_all_off", strlen("led_all_off"))==0)
      |                         ~~~~~~~~~^~~~~~~~~~~~~~
C:\ST\STM32CubeIDE_1.15.0\STM32CubeIDE\plugins\com.st.stm32cube.ide.mcu.externaltools.gnu-tools-for-stm32.12.3.rel1.win32_1.0.100.202403111256\tools\bin/../lib/gcc/arm-none-eabi/12.3.1/../../../../arm-none-eabi/include/string.h:43:19: note: expected 'const char *' but argument is of type 'volatile char *'
   43 | int      strncmp (const char *, const char *, size_t);
      |                   ^~~~~~~~~~~~
../Core/Src/uart2.c:58:34: warning: passing argument 1 of 'strncmp' discards 'volatile' qualifier from pointer target type [-Wdiscarded-qualifiers]
   58 |         else if(strncmp(rx_buffer[output_index], "led_up_on", strlen("led_up_on"))==0)
      |                         ~~~~~~~~~^~~~~~~~~~~~~~
C:\ST\STM32CubeIDE_1.15.0\STM32CubeIDE\plugins\com.st.stm32cube.ide.mcu.externaltools.gnu-tools-for-stm32.12.3.rel1.win32_1.0.100.202403111256\tools\bin/../lib/gcc/arm-none-eabi/12.3.1/../../../../arm-none-eabi/include/string.h:43:19: note: expected 'const char *' but argument is of type 'volatile char *'
   43 | int      strncmp (const char *, const char *, size_t);
      |                   ^~~~~~~~~~~~
../Core/Src/uart2.c:62:34: warning: passing argument 1 of 'strncmp' discards 'volatile' qualifier from pointer target type [-Wdiscarded-qualifiers]
   62 |         else if(strncmp(rx_buffer[output_index], "led_down_off", strlen("led_down_off"))==0)
      |                         ~~~~~~~~~^~~~~~~~~~~~~~
C:\ST\STM32CubeIDE_1.15.0\STM32CubeIDE\plugins\com.st.stm32cube.ide.mcu.externaltools.gnu-tools-for-stm32.12.3.rel1.win32_1.0.100.202403111256\tools\bin/../lib/gcc/arm-none-eabi/12.3.1/../../../../arm-none-eabi/include/string.h:43:19: note: expected 'const char *' but argument is of type 'volatile char *'
   43 | int      strncmp (const char *, const char *, size_t);
      |                   ^~~~~~~~~~~~
../Core/Src/uart2.c:66:34: warning: passing argument 1 of 'strncmp' discards 'volatile' qualifier from pointer target type [-Wdiscarded-qualifiers]
   66 |         else if(strncmp(rx_buffer[output_index], "led_flower_on", strlen("led_flower_on"))==0)
      |                         ~~~~~~~~~^~~~~~~~~~~~~~
C:\ST\STM32CubeIDE_1.15.0\STM32CubeIDE\plugins\com.st.stm32cube.ide.mcu.externaltools.gnu-tools-for-stm32.12.3.rel1.win32_1.0.100.202403111256\tools\bin/../lib/gcc/arm-none-eabi/12.3.1/../../../../arm-none-eabi/include/string.h:43:19: note: expected 'const char *' but argument is of type 'volatile char *'
   43 | int      strncmp (const char *, const char *, size_t);
      |                   ^~~~~~~~~~~~
../Core/Src/uart2.c:70:34: warning: passing argument 1 of 'strncmp' discards 'volatile' qualifier from pointer target type [-Wdiscarded-qualifiers]
   70 |         else if(strncmp(rx_buffer[output_index], "led_flower_off", strlen("led_flower_off"))==0)
      |                         ~~~~~~~~~^~~~~~~~~~~~~~
C:\ST\STM32CubeIDE_1.15.0\STM32CubeIDE\plugins\com.st.stm32cube.ide.mcu.externaltools.gnu-tools-for-stm32.12.3.rel1.win32_1.0.100.202403111256\tools\bin/../lib/gcc/arm-none-eabi/12.3.1/../../../../arm-none-eabi/include/string.h:43:19: note: expected 'const char *' but argument is of type 'volatile char *'
   43 | int      strncmp (const char *, const char *, size_t);
      |                   ^~~~~~~~~~~~
../Core/Src/uart2.c:74:34: warning: passing argument 1 of 'strncmp' discards 'volatile' qualifier from pointer target type [-Wdiscarded-qualifiers]
   74 |         else if(strncmp(rx_buffer[output_index], "setrtc", 6) == 0)
      |                         ~~~~~~~~~^~~~~~~~~~~~~~
C:\ST\STM32CubeIDE_1.15.0\STM32CubeIDE\plugins\com.st.stm32cube.ide.mcu.externaltools.gnu-tools-for-stm32.12.3.rel1.win32_1.0.100.202403111256\tools\bin/../lib/gcc/arm-none-eabi/12.3.1/../../../../arm-none-eabi/include/string.h:43:19: note: expected 'const char *' but argument is of type 'volatile char *'
   43 | int      strncmp (const char *, const char *, size_t);
      |                   ^~~~~~~~~~~~
../Core/Src/uart2.c:76:21: warning: implicit declaration of function 'DS1302_write' [-Wimplicit-function-declaration]
   76 |                     DS1302_write((char *)rx_buffer[output_index]);
      |                     ^~~~~~~~~~~~
arm-none-eabi-gcc -o "03.MY_DS1302.elf" @"objects.list"   -mcpu=cortex-m4 -T"D:\project\STM32F411RETx\03.MY_DS1302\STM32F411RETX_FLASH.ld" --specs=nosys.specs -Wl,-Map="03.MY_DS1302.map" -Wl,--gc-sections -static --specs=nano.specs -mfpu=fpv4-sp-d16 -mfloat-abi=hard -mthumb -Wl,--start-group -lc -lm -Wl,--end-group
Finished building target: 03.MY_DS1302.elf
 
arm-none-eabi-size  03.MY_DS1302.elf 
arm-none-eabi-objdump -h -S 03.MY_DS1302.elf  > "03.MY_DS1302.list"
   text	   data	    bss	    dec	    hex	filename
  20540	    104	   2952	  23596	   5c2c	03.MY_DS1302.elf
Finished building: default.size.stdout
 
Finished building: 03.MY_DS1302.list
 
